06-22 02:07:18.339 28654 28654 I Prashant:  com.facebook.internal.x;->b();->Landroid/util/Log;->w
06-22 02:07:18.340 28654 28654 I Prashant:  com.facebook.internal.x;->a();->Landroid/util/Log;->w
06-22 02:07:18.342 28654 28654 I Prashant:  com.facebook.FacebookSdk;->c();->Landroid/os/Bundle;->get
06-22 02:07:18.343 28654 28654 I Prashant:  com.facebook.FacebookSdk;->c();->Landroid/os/Bundle;->getBoolean
06-22 02:07:18.343 28654 28654 I Prashant:  com.facebook.FacebookSdk;->c();->Landroid/os/Bundle;->getInt
06-22 02:07:18.344 28654 28654 I Prashant:  com.facebook.FacebookSdk;->c();->Landroid/os/Bundle;->getString
06-22 02:07:18.359 28654 28669 I Prashant:  com.facebook.GraphRequest;->m();->Landroid/os/Bundle;->putString
06-22 02:07:18.359 28654 28669 I Prashant:  com.facebook.GraphRequest;->m();->Landroid/os/Bundle;->putString
06-22 02:07:18.360 28654 28669 I Prashant:  com.facebook.GraphRequest;->b();->Landroid/os/Bundle;->get
06-22 02:07:18.360 28654 28669 I Prashant:  com.facebook.GraphRequest;->b();->Landroid/os/Bundle;->get
06-22 02:07:18.360 28654 28669 I Prashant:  com.facebook.GraphRequest;->b();->Landroid/os/Bundle;->get
06-22 02:07:18.361 28654 28669 I Prashant:  com.facebook.GraphRequest;->a();->Ljava/net/URL;-><init>
06-22 02:07:18.366 28654 28671 I Prashant:  com.facebook.internal.s;->b();->Landroid/content/ContentResolver;->query
06-22 02:07:18.371 28654 28654 I Prashant:  com.android.volley.VolleyLog;-><clinit>();->Landroid/util/Log;->i
06-22 02:07:18.372 28654 28676 I Prashant:  com.facebook.appevents.e;->b();->Landroid/content/Intent;-><init>
06-22 02:07:18.372 28654 28676 I Prashant:  com.facebook.appevents.e;->b();->Landroid/content/Intent;->putExtra
06-22 02:07:18.380 28654 28669 I Prashant:  com.facebook.GraphRequest;->a();->Ljava/net/URL;->openConnection
06-22 02:07:18.502 28654 28654 I Prashant:  com.a.a.c.a;->a();->Landroid/util/Log;->e
06-22 02:07:18.512 28654 28654 I Prashant:  com.a.a.c.k;-><init>();->Landroid/content/Context;->registerReceiver
06-22 02:07:18.517 28654 28698 I Prashant:  com.google.android.gms.common.internal.zzbd;->c();->Landroid/os/Bundle;->get
06-22 02:07:18.517 28654 28698 I Prashant:  com.google.android.gms.common.internal.zzbd;->c();->Landroid/os/Bundle;->getInt
06-22 02:07:18.517 28654 28698 I Prashant:  com.google.android.gms.common.internal.zzbd;->c();->Landroid/os/Bundle;->getString
06-22 02:07:18.526 28654 28699 I Prashant:  com.a.a.c.e;->a();->Ljava/io/OutputStream;->write
06-22 02:07:18.533 28654 28654 I Prashant:  com.newsdog.utils.g;->a();->Landroid/os/Bundle;->get
06-22 02:07:18.534 28654 28654 I Prashant:  com.newsdog.utils.g;->a();->Landroid/os/Bundle;->getString
06-22 02:07:18.535 28654 28654 I Prashant:  com.newsdog.c.x;->a();->Landroid/util/Log;->e
06-22 02:07:18.538 28654 28699 I Prashant:  com.a.a.c.e;->a();->Ljava/io/OutputStream;->write
06-22 02:07:18.539 28654 28699 I Prashant:  com.a.a.c.e;->a();->Ljava/io/OutputStream;->write
06-22 02:07:18.540 28654 28698 I Prashant:  com.google.android.gms.common.b;-><init>();->Landroid/util/Log;->w
06-22 02:07:18.541 28654 28698 I Prashant:  com.google.android.gms.common.b;-><init>();->Landroid/util/Log;->wtf
06-22 02:07:18.542 28654 28698 I Prashant:  com.google.android.gms.common.b;-><init>();->Landroid/util/Log;->w
06-22 02:07:18.542 28654 28698 I Prashant:  com.google.android.gms.common.b;-><init>();->Landroid/util/Log;->wtf
06-22 02:07:18.546 28654 28698 I Prashant:  com.google.android.gms.common.b;-><init>();->Landroid/util/Log;->w
06-22 02:07:18.547 28654 28699 I Prashant:  com.a.a.c.e;->a();->Ljava/io/OutputStream;->write
06-22 02:07:18.547 28654 28698 I Prashant:  com.google.android.gms.common.b;-><init>();->Landroid/util/Log;->wtf
06-22 02:07:18.547 28654 28703 I Prashant:  com.google.firebase.a;->a();->Landroid/util/Log;->d
06-22 02:07:18.547 28654 28698 I Prashant:  com.google.android.gms.common.b;-><init>();->Landroid/util/Log;->w
06-22 02:07:18.547 28654 28654 I Prashant:  com.newsdog.n.f.c;->d();->Landroid/util/Log;->e
06-22 02:07:18.548 28654 28698 I Prashant:  com.google.android.gms.common.b;-><init>();->Landroid/util/Log;->wtf
06-22 02:07:18.548 28654 28654 I Prashant:  com.newsdog.n.f.c;->b();->Landroid/util/Log;->e
06-22 02:07:18.550 28654 28703 I Prashant:  com.google.firebase.iid.q;-><init>();->Landroid/util/Log;->i
06-22 02:07:18.565 28654 28703 I Prashant:  com.google.firebase.a;->a();->Landroid/util/Log;->d
06-22 02:07:18.568 28654 28699 I Prashant:  com.a.a.c.e;->a();->Ljava/io/OutputStream;->write
06-22 02:07:18.575 28654 28654 I Prashant:  com.newsdog.utils.h;->a();->Landroid/util/Log;->e
06-22 02:07:18.581 28654 28699 I Prashant:  com.a.a.c.e;->a();->Ljava/io/OutputStream;->write
06-22 02:07:18.583 28654 28654 I Prashant:  com.newsdog.utils.i.a;->a();->Landroid/util/Log;->e
06-22 02:07:18.589 28654 28703 I Prashant:  com.google.android.gms.internal.zzcfl;->a();->Landroid/util/Log;->i
06-22 02:07:18.589 28654 28703 I Prashant:  com.google.android.gms.internal.zzcfl;->a();->Landroid/util/Log;->i
06-22 02:07:18.594 28654 28703 I Prashant:  com.google.android.gms.internal.zzcet;->a();->Ljava/util/Locale;->getCountry
06-22 02:07:18.597 28654 28654 I Prashant:  com.newsdog.app.NewsDogApp;->a();->Landroid/util/Log;->e
06-22 02:07:18.610 28654 28703 I Prashant:  com.google.android.gms.internal.zzcfl;->a();->Landroid/util/Log;->i
06-22 02:07:18.610 28654 28703 I Prashant:  com.google.android.gms.internal.zzcfl;->a();->Landroid/util/Log;->i
06-22 02:07:18.611 28654 28703 I Prashant:  com.google.android.gms.internal.zzcfl;->a();->Landroid/util/Log;->i
06-22 02:07:18.612 28654 28703 I Prashant:  com.google.android.gms.internal.zzcfl;->a();->Landroid/util/Log;->i
06-22 02:07:18.622 28654 28703 I Prashant:  com.google.android.gms.internal.zzcjg;->B();->Landroid/content/Intent;-><init>
06-22 02:07:18.622 28654 28703 I Prashant:  com.google.android.gms.internal.zzcjg;->B();->Landroid/app/PendingIntent;->getBroadcast
06-22 02:07:18.623 28654 28703 I Prashant:  com.google.android.gms.internal.zzcjg;->B();->Landroid/content/Intent;->setAction
06-22 02:07:18.623 28654 28703 I Prashant:  com.google.android.gms.internal.zzcjg;->B();->Landroid/content/Intent;->setClassName
06-22 02:07:18.627 28654 28703 I Prashant:  com.google.android.gms.internal.zzcfl;->a();->Landroid/util/Log;->i
06-22 02:07:18.633 28654 28703 I Prashant:  com.google.android.gms.internal.zzcfl;->a();->Landroid/util/Log;->i
06-22 02:07:18.635 28654 28702 I Prashant:  com.google.android.gms.common.b;-><init>();->Landroid/util/Log;->w
06-22 02:07:18.635 28654 28702 I Prashant:  com.google.android.gms.common.b;-><init>();->Landroid/util/Log;->wtf
06-22 02:07:18.635 28654 28702 I Prashant:  com.google.android.gms.common.b;-><init>();->Landroid/util/Log;->w
06-22 02:07:18.635 28654 28702 I Prashant:  com.google.android.gms.common.b;-><init>();->Landroid/util/Log;->wtf
06-22 02:07:18.636 28654 28702 I Prashant:  com.google.android.gms.common.stats.zza;->a();->Landroid/content/Intent;->getComponent
06-22 02:07:18.637 28654 28683 I Prashant:  com.google.android.gms.common.b;-><init>();->Landroid/util/Log;->w
06-22 02:07:18.637 28654 28683 I Prashant:  com.google.android.gms.common.b;-><init>();->Landroid/util/Log;->wtf
06-22 02:07:18.637 28654 28698 I Prashant:  com.google.android.gms.common.b;-><init>();->Landroid/util/Log;->w
06-22 02:07:18.638 28654 28698 I Prashant:  com.google.android.gms.common.b;-><init>();->Landroid/util/Log;->wtf
06-22 02:07:18.638 28654 28683 I Prashant:  com.google.android.gms.common.b;-><init>();->Landroid/util/Log;->w
06-22 02:07:18.638 28654 28683 I Prashant:  com.google.android.gms.common.b;-><init>();->Landroid/util/Log;->wtf
06-22 02:07:18.638 28654 28703 I Prashant:  com.newsdog.app.NewsDogApp;->j();->Landroid/util/Log;->e
06-22 02:07:18.638 28654 28698 I Prashant:  com.google.android.gms.common.b;-><init>();->Landroid/util/Log;->w
06-22 02:07:18.638 28654 28703 I Prashant:  com.newsdog.app.NewsDogApp;->j();->Landroid/util/Log;->e
06-22 02:07:18.638 28654 28683 I Prashant:  com.google.android.gms.common.stats.zza;->a();->Landroid/content/Intent;->getComponent
06-22 02:07:18.639 28654 28698 I Prashant:  com.google.android.gms.common.b;-><init>();->Landroid/util/Log;->wtf
06-22 02:07:18.639 28654 28698 I Prashant:  com.google.android.gms.common.stats.zza;->a();->Landroid/content/Intent;->getComponent
06-22 02:07:18.646 28654 28702 I Prashant:  com.google.android.gms.common.stats.zza;->a();->Landroid/content/Context;->bindService
06-22 02:07:18.647 28654 28703 I Prashant:  com.newsdog.utils.g;->g();->Landroid/telephony/TelephonyManager;->getDeviceId
06-22 02:07:18.647 28654 28702 I Prashant:  com.google.android.gms.ads.identifier.AdvertisingIdClient;->zzd();->Landroid/content/Intent;-><init>
06-22 02:07:18.647 28654 28683 I Prashant:  com.google.android.gms.common.stats.zza;->a();->Landroid/content/Context;->bindService
06-22 02:07:18.647 28654 28683 I Prashant:  com.google.android.gms.ads.identifier.AdvertisingIdClient;->zzd();->Landroid/content/Intent;-><init>
06-22 02:07:18.649 28654 28714 I Prashant:  com.google.android.gms.internal.zzcfl;->a();->Landroid/util/Log;->i
06-22 02:07:18.649 28654 28698 I Prashant:  com.google.android.gms.common.stats.zza;->a();->Landroid/content/Context;->bindService
06-22 02:07:18.649 28654 28698 I Prashant:  com.google.android.gms.ads.identifier.AdvertisingIdClient;->zzd();->Landroid/content/Intent;-><init>
06-22 02:07:18.649 28654 28714 I Prashant:  com.google.android.gms.internal.zzcfl;->a();->Landroid/util/Log;->i
06-22 02:07:18.668 28654 28698 I Prashant:  com.google.android.gms.common.b;-><init>();->Landroid/util/Log;->w
06-22 02:07:18.669 28654 28698 I Prashant:  com.google.android.gms.common.b;-><init>();->Landroid/util/Log;->wtf
06-22 02:07:18.669 28654 28698 I Prashant:  com.google.android.gms.common.b;-><init>();->Landroid/util/Log;->w
06-22 02:07:18.669 28654 28698 I Prashant:  com.google.android.gms.common.b;-><init>();->Landroid/util/Log;->wtf
06-22 02:07:18.670 28654 28698 I Prashant:  com.google.android.gms.common.stats.zza;->a();->Landroid/content/Intent;->getComponent
06-22 02:07:18.677 28654 28698 I Prashant:  com.google.android.gms.common.stats.zza;->a();->Landroid/content/Context;->bindService
06-22 02:07:18.677 28654 28698 I Prashant:  com.google.android.gms.ads.identifier.AdvertisingIdClient;->zzd();->Landroid/content/Intent;-><init>
06-22 02:07:18.684 28654 28702 I Prashant:  com.newsdog.app.NewsDogApp;->c();->Landroid/util/Log;->e
06-22 02:07:18.690 28654 28702 I Prashant:  com.newsdog.n.d.c;->d();->Landroid/content/Context;->registerReceiver
06-22 02:07:18.691 28654 28654 I Prashant:  com.newsdog.n.d.e;->a();->Landroid/util/Log;->d
06-22 02:07:18.693 28654 28654 I Prashant:  com.newsdog.n.d.e;->j();->Landroid/content/Intent;-><init>
06-22 02:07:18.693 28654 28654 I Prashant:  com.newsdog.n.d.e;->j();->Landroid/content/Context;->sendBroadcast
06-22 02:07:18.694 28654 28703 I Prashant:  com.newsdog.utils.p;->c();->Landroid/util/Log;->e
06-22 02:07:18.695 28654 28654 I Prashant:  com.newsdog.n.d.e;->i();->Landroid/content/Intent;-><init>
06-22 02:07:18.695 28654 28654 I Prashant:  com.newsdog.n.d.e;->i();->Landroid/content/Intent;->putExtra
06-22 02:07:18.695 28654 28654 I Prashant:  com.newsdog.n.d.e;->i();->Landroid/content/Context;->sendBroadcast
06-22 02:07:18.697 28654 28654 I Prashant:  com.newsdog.n.d.c$1;->onReceive();->Landroid/content/Intent;->getAction
06-22 02:07:18.698 28654 28703 I Prashant:  com.appsflyer.c;->a();->Landroid/util/Log;->i
06-22 02:07:18.699 28654 28703 I Prashant:  com.appsflyer.c;->a();->Landroid/util/Log;->i
06-22 02:07:18.700 28654 28654 I Prashant:  com.newsdog.quickread.receiver.QuickReadReceiver;->onReceive();->Landroid/content/Intent;->getAction
06-22 02:07:18.704 28654 28703 I Prashant:  com.appsflyer.c;->b();->Landroid/util/Log;->d
06-22 02:07:18.705 28654 28703 I Prashant:  com.appsflyer.c;->b();->Landroid/util/Log;->d
06-22 02:07:18.715 28654 28702 I Prashant:  com.newsdog.app.NewsDogApp;->m();->Landroid/content/IntentFilter;->addAction
06-22 02:07:18.716 28654 28702 I Prashant:  com.newsdog.utils.p;->c();->Landroid/util/Log;->e
06-22 02:07:18.718 28654 28703 I Prashant:  com.flurry.sdk.kc;->c();->Landroid/content/Context;->registerReceiver
06-22 02:07:18.719 28654 28702 I Prashant:  com.xiaomi.mipush.sdk.b;->q();->Landroid/content/Context;->registerReceiver
06-22 02:07:18.719 28654 28702 I Prashant:  com.xiaomi.mipush.sdk.b;->q();->Landroid/content/IntentFilter;->addAction
06-22 02:07:18.724 28654 28721 I Prashant:  com.google.android.gms.common.b;-><init>();->Landroid/util/Log;->w
06-22 02:07:18.725 28654 28721 I Prashant:  com.google.android.gms.common.b;-><init>();->Landroid/util/Log;->wtf
06-22 02:07:18.725 28654 28721 I Prashant:  com.google.android.gms.common.b;-><init>();->Landroid/util/Log;->w
06-22 02:07:18.726 28654 28722 I Prashant:  com.xiaomi.mipush.sdk.am;->j();->Landroid/content/Intent;->setComponent
06-22 02:07:18.726 28654 28721 I Prashant:  com.google.android.gms.common.b;-><init>();->Landroid/util/Log;->wtf
06-22 02:07:18.726 28654 28722 I Prashant:  com.xiaomi.mipush.sdk.am;->j();->Landroid/content/Intent;->putExtra
06-22 02:07:18.726 28654 28721 I Prashant:  com.google.android.gms.common.stats.zza;->a();->Landroid/content/Intent;->getComponent
06-22 02:07:18.729 28654 28722 I Prashant:  com.xiaomi.mipush.sdk.am;->a();->Landroid/content/Context;->startService
06-22 02:07:18.734 28654 28721 I Prashant:  com.google.android.gms.common.stats.zza;->a();->Landroid/content/Context;->bindService
06-22 02:07:18.734 28654 28721 I Prashant:  com.google.android.gms.ads.identifier.AdvertisingIdClient;->zzd();->Landroid/content/Intent;-><init>
06-22 02:07:18.739 28654 28702 I Prashant:  com.google.android.gms.common.b;-><init>();->Landroid/util/Log;->w
06-22 02:07:18.740 28654 28702 I Prashant:  com.google.android.gms.common.b;-><init>();->Landroid/util/Log;->wtf
06-22 02:07:18.740 28654 28702 I Prashant:  com.google.android.gms.common.b;-><init>();->Landroid/util/Log;->w
06-22 02:07:18.740 28654 28702 I Prashant:  com.google.android.gms.common.b;-><init>();->Landroid/util/Log;->wtf
06-22 02:07:18.740 28654 28702 I Prashant:  com.newsdog.utils.p;->c();->Landroid/util/Log;->e
06-22 02:07:18.740 28654 28724 I Prashant:  com.xiaomi.mipush.sdk.f;->b();->Landroid/content/Intent;-><init>
06-22 02:07:18.740 28654 28724 I Prashant:  com.xiaomi.mipush.sdk.f;->b();->Landroid/content/Intent;->setClassName
06-22 02:07:18.741 28654 28726 I Prashant:  com.newsdog.n.f.c;->d();->Landroid/util/Log;->e
06-22 02:07:18.742 28654 28726 I Prashant:  com.newsdog.n.f.c;->b();->Landroid/util/Log;->e
06-22 02:07:18.742 28654 28703 I Prashant:  com.facebook.appevents.g;->a();->Landroid/util/Log;->d
06-22 02:07:18.742 28654 28703 I Prashant:  com.newsdog.h.c;->a();->Landroid/util/Log;->e
06-22 02:07:18.748 28654 28672 I Prashant:  com.google.android.gms.common.b;-><init>();->Landroid/util/Log;->w
06-22 02:07:18.749 28654 28672 I Prashant:  com.google.android.gms.common.b;-><init>();->Landroid/util/Log;->wtf
06-22 02:07:18.750 28654 28672 I Prashant:  com.google.android.gms.common.b;-><init>();->Landroid/util/Log;->w
06-22 02:07:18.750 28654 28672 I Prashant:  com.google.android.gms.common.b;-><init>();->Landroid/util/Log;->wtf
06-22 02:07:18.754 28654 28726 I Prashant:  com.newsdog.utils.p;->c();->Landroid/util/Log;->e
06-22 02:07:18.757 28654 28726 I Prashant:  com.appsflyer.c;->a();->Landroid/util/Log;->i
06-22 02:07:18.757 28654 28724 I Prashant:  com.xiaomi.mipush.sdk.PushServiceReceiver;->onReceive();->Landroid/content/Intent;->getAction
06-22 02:07:18.757 28654 28724 I Prashant:  com.xiaomi.mipush.sdk.PushServiceReceiver;->onReceive();->Landroid/content/Intent;-><init>
06-22 02:07:18.758 28654 28724 I Prashant:  com.xiaomi.mipush.sdk.PushServiceReceiver;->onReceive();->Landroid/content/Intent;->setAction
06-22 02:07:18.758 28654 28724 I Prashant:  com.xiaomi.mipush.sdk.PushServiceReceiver;->onReceive();->Landroid/content/Intent;->putExtra
06-22 02:07:18.758 28654 28724 I Prashant:  com.xiaomi.mipush.sdk.PushServiceReceiver;->onReceive();->Landroid/content/Context;->startService
06-22 02:07:18.758 28654 28724 I Prashant:  com.xiaomi.mipush.sdk.f;->a();->Landroid/content/Intent;-><init>
06-22 02:07:18.758 28654 28724 I Prashant:  com.xiaomi.mipush.sdk.f;->a();->Landroid/content/Intent;->putExtra
06-22 02:07:18.760 28654 28672 I Prashant:  com.google.android.gms.common.b;-><init>();->Landroid/util/Log;->w
06-22 02:07:18.760 28654 28672 I Prashant:  com.google.android.gms.common.b;-><init>();->Landroid/util/Log;->wtf
06-22 02:07:18.761 28654 28672 I Prashant:  com.google.android.gms.common.b;-><init>();->Landroid/util/Log;->w
06-22 02:07:18.762 28654 28724 I Prashant:  com.xiaomi.mipush.sdk.am;->j();->Landroid/content/Intent;->setComponent
06-22 02:07:18.762 28654 28724 I Prashant:  com.xiaomi.mipush.sdk.am;->j();->Landroid/content/Intent;->putExtra
06-22 02:07:18.762 28654 28672 I Prashant:  com.google.android.gms.common.b;-><init>();->Landroid/util/Log;->wtf
06-22 02:07:18.763 28654 28672 I Prashant:  com.google.android.gms.common.stats.zza;->a();->Landroid/content/Intent;->getComponent
06-22 02:07:18.766 28654 28675 I Prashant:  com.facebook.appevents.b;->b();->Landroid/util/Log;->w
06-22 02:07:18.768 28654 28675 I Prashant:  com.facebook.appevents.c;->a();->Landroid/os/Bundle;->get
06-22 02:07:18.768 28654 28731 I Prashant:  com.xiaomi.mipush.sdk.PushMessageHandler;->onHandleIntent();->Landroid/content/Intent;-><init>
06-22 02:07:18.768 28654 28731 I Prashant:  com.xiaomi.mipush.sdk.PushMessageHandler;->onHandleIntent();->Landroid/content/pm/PackageManager;->queryBroadcastReceivers
06-22 02:07:18.768 28654 28731 I Prashant:  com.xiaomi.mipush.sdk.PushMessageHandler;->onHandleIntent();->Landroid/content/Intent;->putExtra
06-22 02:07:18.770 28654 28724 I Prashant:  com.xiaomi.mipush.sdk.am;->a();->Landroid/content/Context;->startService
06-22 02:07:18.770 28654 28731 I Prashant:  com.newsdog.n.f.c;->d();->Landroid/util/Log;->e
06-22 02:07:18.770 28654 28731 I Prashant:  com.newsdog.n.f.c;->b();->Landroid/util/Log;->e
06-22 02:07:18.771 28654 28731 I Prashant:  com.newsdog.utils.p;->c();->Landroid/util/Log;->e
06-22 02:07:18.771 28654 28731 I Prashant:  com.newsdog.push.xiaomi.MiMessageReceiver;->onReceiveRegisterResult();->Landroid/util/Log;->e
06-22 02:07:18.771 28654 28731 I Prashant:  com.xiaomi.mipush.sdk.MessageHandleService;->a();->Landroid/content/Intent;->getSerializableExtra
06-22 02:07:18.771 28654 28731 I Prashant:  com.xiaomi.mipush.sdk.PushMessageHandler;->a();->Landroid/content/Intent;-><init>
06-22 02:07:18.772 28654 28703 I Prashant:  com.google.android.gms.common.b;-><init>();->Landroid/util/Log;->w
06-22 02:07:18.772 28654 28703 I Prashant:  com.google.android.gms.common.b;-><init>();->Landroid/util/Log;->wtf
06-22 02:07:18.772 28654 28703 I Prashant:  com.google.android.gms.common.b;-><init>();->Landroid/util/Log;->w
06-22 02:07:18.772 28654 28703 I Prashant:  com.google.android.gms.common.b;-><init>();->Landroid/util/Log;->wtf
06-22 02:07:18.775 28654 28676 I Prashant:  com.google.android.gms.common.b;-><init>();->Landroid/util/Log;->w
06-22 02:07:18.775 28654 28676 I Prashant:  com.google.android.gms.common.b;-><init>();->Landroid/util/Log;->wtf
06-22 02:07:18.775 28654 28676 I Prashant:  com.google.android.gms.common.b;-><init>();->Landroid/util/Log;->w
06-22 02:07:18.775 28654 28676 I Prashant:  com.google.android.gms.common.b;-><init>();->Landroid/util/Log;->wtf
06-22 02:07:18.778 28654 28702 I Prashant:  com.xiaomi.mipush.sdk.am;->j();->Landroid/content/Intent;->setComponent
06-22 02:07:18.778 28654 28726 I Prashant:  com.appsflyer.AppsFlyerLib;->a();->Landroid/os/Bundle;->get
06-22 02:07:18.778 28654 28702 I Prashant:  com.xiaomi.mipush.sdk.am;->j();->Landroid/content/Intent;->putExtra
06-22 02:07:18.781 28654 28732 I Prashant:  com.xiaomi.a.a.a.e;->d();->Landroid/telephony/TelephonyManager;->getDeviceId
06-22 02:07:18.782 28654 28673 I Prashant:  com.appsflyer.v;->a();->Ljava/net/URL;-><init>
06-22 02:07:18.784 28654 28702 I Prashant:  com.xiaomi.mipush.sdk.am;->a();->Landroid/content/Context;->startService
06-22 02:07:18.784 28654 28702 I Prashant:  com.xiaomi.mipush.sdk.am;->a();->Landroid/content/Intent;->setAction
06-22 02:07:18.785 28654 28702 I Prashant:  com.xiaomi.mipush.sdk.am;->a();->Landroid/content/Intent;->putExtra
06-22 02:07:18.786 28654 28673 I Prashant:  com.appsflyer.c;->a();->Landroid/util/Log;->i
06-22 02:07:18.786 27802 27819 I Prashant:  com.xiaomi.a.a.c.b;->a();->Landroid/util/Log;->v
06-22 02:07:18.786 28654 28676 I Prashant:  com.google.android.gms.common.b;-><init>();->Landroid/util/Log;->w
06-22 02:07:18.787 28654 28676 I Prashant:  com.google.android.gms.common.b;-><init>();->Landroid/util/Log;->wtf
06-22 02:07:18.787 28654 28676 I Prashant:  com.google.android.gms.common.b;-><init>();->Landroid/util/Log;->w
06-22 02:07:18.787 28654 28676 I Prashant:  com.google.android.gms.common.b;-><init>();->Landroid/util/Log;->wtf
06-22 02:07:18.788 28654 28672 I Prashant:  com.google.android.gms.common.stats.zza;->a();->Landroid/content/Context;->bindService
06-22 02:07:18.788 28654 28672 I Prashant:  com.google.android.gms.ads.identifier.AdvertisingIdClient;->zzd();->Landroid/content/Intent;-><init>
06-22 02:07:18.790 28654 28676 I Prashant:  com.google.android.gms.common.stats.zza;->a();->Landroid/content/Intent;->getComponent
06-22 02:07:18.792 28654 28733 I Prashant:  com.simple.database.c.a;->a();->Landroid/database/sqlite/SQLiteDatabase;->query
06-22 02:07:18.801 28654 28676 I Prashant:  com.google.android.gms.common.stats.zza;->a();->Landroid/content/Context;->bindService
06-22 02:07:18.801 28654 28676 I Prashant:  com.google.android.gms.ads.identifier.AdvertisingIdClient;->zzd();->Landroid/content/Intent;-><init>
06-22 02:07:18.805 28654 28732 I Prashant:  com.xiaomi.mipush.sdk.am;->j();->Landroid/content/Intent;->setComponent
06-22 02:07:18.805 28654 28732 I Prashant:  com.xiaomi.mipush.sdk.am;->j();->Landroid/content/Intent;->putExtra
06-22 02:07:18.806 28654 28703 I Prashant:  com.google.android.gms.dynamite.DynamiteModule;->c();->Landroid/database/Cursor;->getString
06-22 02:07:18.808 28654 28732 I Prashant:  com.xiaomi.mipush.sdk.am;->a();->Landroid/content/Context;->startService
06-22 02:07:18.808 28654 28732 I Prashant:  com.xiaomi.mipush.sdk.am;->a();->Landroid/content/Intent;->setAction
06-22 02:07:18.808 28654 28732 I Prashant:  com.xiaomi.mipush.sdk.am;->a();->Landroid/content/Intent;->putExtra
06-22 02:07:18.808 27802 27819 I Prashant:  com.xiaomi.a.a.c.b;->a();->Landroid/util/Log;->v
06-22 02:07:18.815 27802 27819 I Prashant:  com.xiaomi.a.a.c.b;->a();->Landroid/util/Log;->v
06-22 02:07:18.816 27802 27819 I Prashant:  com.xiaomi.d.d;->a();->Ljava/io/OutputStream;->write
06-22 02:07:18.883 28654 28672 I Prashant:  com.facebook.internal.c;->a();->Landroid/database/Cursor;->getString
06-22 02:07:18.933 28654 28672 I Prashant:  com.facebook.internal.Utility;->a();->Ljava/util/Locale;->getCountry
06-22 02:07:18.933 28654 28676 I Prashant:  com.facebook.internal.c;->a();->Landroid/database/Cursor;->getString
06-22 02:07:18.936 28654 28676 I Prashant:  com.facebook.appevents.e;->a();->Landroid/os/Bundle;->putString
06-22 02:07:18.942 28654 28676 I Prashant:  com.facebook.internal.Utility;->a();->Ljava/util/Locale;->getCountry
06-22 02:07:18.943 28654 28676 I Prashant:  com.facebook.appevents.m;->a();->Landroid/os/Bundle;->putByte
06-22 02:07:18.944 28654 28676 I Prashant:  com.facebook.appevents.m;->a();->Landroid/os/Bundle;->putByteArray
06-22 02:07:18.946 28654 28676 I Prashant:  com.facebook.GraphRequest;->m();->Landroid/os/Bundle;->putString
06-22 02:07:18.946 28654 28676 I Prashant:  com.facebook.GraphRequest;->m();->Landroid/os/Bundle;->putString
06-22 02:07:18.948 28654 28676 I Prashant:  com.facebook.GraphRequest;->b();->Landroid/os/Bundle;->get
06-22 02:07:18.949 28654 28676 I Prashant:  com.facebook.GraphRequest;->b();->Landroid/os/Bundle;->get
06-22 02:07:18.950 28654 28676 I Prashant:  com.facebook.GraphRequest;->b();->Landroid/os/Bundle;->get
06-22 02:07:18.950 28654 28676 I Prashant:  com.facebook.GraphRequest;->a();->Ljava/net/URL;-><init>
06-22 02:07:18.951 28654 28676 I Prashant:  com.facebook.GraphRequest;->a();->Ljava/net/URL;->openConnection
06-22 02:07:18.952 28654 28676 I Prashant:  com.facebook.GraphRequest;->f();->Landroid/os/Bundle;->get
06-22 02:07:19.074 28654 28669 I Prashant:  com.facebook.internal.i;->c();->Landroid/os/Bundle;->putString
06-22 02:07:19.077 28654 28671 I Prashant:  com.facebook.internal.c;->a();->Landroid/util/Log;->e
06-22 02:07:19.080 28654 28671 I Prashant:  com.facebook.internal.Utility;->a();->Ljava/util/Locale;->getCountry
06-22 02:07:19.088 28654 28676 I Prashant:  com.facebook.GraphRequest;->a();->Landroid/os/Bundle;->get
06-22 02:07:19.089 28654 28676 I Prashant:  com.facebook.GraphRequest$b;->a();->Ljava/io/OutputStream;->write
06-22 02:07:19.090 28654 28676 I Prashant:  com.facebook.GraphRequest$b;->a();->Ljava/io/OutputStream;->write
06-22 02:07:19.091 28654 28676 I Prashant:  com.facebook.GraphRequest$b;->a();->Ljava/io/OutputStream;->write
06-22 02:07:19.092 28654 28676 I Prashant:  com.facebook.GraphRequest$b;->a();->Ljava/io/OutputStream;->write
06-22 02:07:19.092 28654 28676 I Prashant:  com.facebook.GraphRequest$b;->a();->Ljava/io/OutputStream;->write
06-22 02:07:19.093 28654 28676 I Prashant:  com.facebook.GraphRequest$b;->a();->Ljava/io/OutputStream;->write
06-22 02:07:19.094 28654 28676 I Prashant:  com.facebook.GraphRequest$b;->a();->Ljava/io/OutputStream;->write
06-22 02:07:19.095 28654 28676 I Prashant:  com.facebook.GraphRequest$b;->a();->Ljava/io/OutputStream;->write
06-22 02:07:19.096 28654 28676 I Prashant:  com.facebook.GraphRequest$b;->a();->Ljava/io/OutputStream;->write
06-22 02:07:19.096 28654 28676 I Prashant:  com.facebook.GraphRequest;->a();->Landroid/os/Bundle;->get
06-22 02:07:19.097 28654 28676 I Prashant:  com.facebook.GraphRequest$b;->a();->Ljava/io/OutputStream;->write
06-22 02:07:19.098 28654 28676 I Prashant:  com.facebook.GraphRequest$b;->a();->Ljava/io/OutputStream;->write
06-22 02:07:19.099 28654 28676 I Prashant:  com.facebook.GraphRequest$b;->a();->Ljava/io/OutputStream;->write
06-22 02:07:19.100 28654 28676 I Prashant:  com.facebook.GraphRequest$b;->a();->Ljava/io/OutputStream;->write
06-22 02:07:19.101 28654 28676 I Prashant:  com.facebook.GraphRequest$b;->a();->Ljava/io/OutputStream;->write
06-22 02:07:19.102 28654 28676 I Prashant:  com.facebook.GraphRequest$b;->a();->Ljava/io/OutputStream;->write
06-22 02:07:19.102 28654 28676 I Prashant:  com.facebook.GraphRequest$b;->a();->Ljava/io/OutputStream;->write
06-22 02:07:19.103 28654 28676 I Prashant:  com.facebook.GraphRequest$b;->a();->Ljava/io/OutputStream;->write
06-22 02:07:19.104 28654 28676 I Prashant:  com.facebook.GraphRequest$b;->a();->Ljava/io/OutputStream;->write
06-22 02:07:19.105 28654 28676 I Prashant:  com.facebook.GraphRequest;->a();->Landroid/os/Bundle;->get
06-22 02:07:19.106 28654 28676 I Prashant:  com.facebook.GraphRequest$b;->a();->Ljava/io/OutputStream;->write
06-22 02:07:19.107 28654 28676 I Prashant:  com.facebook.GraphRequest$b;->a();->Ljava/io/OutputStream;->write
06-22 02:07:19.108 28654 28676 I Prashant:  com.facebook.GraphRequest$b;->a();->Ljava/io/OutputStream;->write
06-22 02:07:19.108 28654 28676 I Prashant:  com.facebook.GraphRequest$b;->a();->Ljava/io/OutputStream;->write
06-22 02:07:19.109 28654 28676 I Prashant:  com.facebook.GraphRequest$b;->a();->Ljava/io/OutputStream;->write
06-22 02:07:19.110 28654 28676 I Prashant:  com.facebook.GraphRequest$b;->a();->Ljava/io/OutputStream;->write
06-22 02:07:19.111 28654 28676 I Prashant:  com.facebook.GraphRequest$b;->a();->Ljava/io/OutputStream;->write
06-22 02:07:19.111 28654 28676 I Prashant:  com.facebook.GraphRequest$b;->a();->Ljava/io/OutputStream;->write
06-22 02:07:19.112 28654 28676 I Prashant:  com.facebook.GraphRequest$b;->a();->Ljava/io/OutputStream;->write
06-22 02:07:19.113 28654 28676 I Prashant:  com.facebook.GraphRequest$b;->a();->Ljava/io/OutputStream;->write
06-22 02:07:19.114 28654 28676 I Prashant:  com.facebook.GraphRequest$b;->a();->Ljava/io/OutputStream;->write
06-22 02:07:19.114 28654 28676 I Prashant:  com.facebook.GraphRequest$b;->a();->Ljava/io/OutputStream;->write
06-22 02:07:19.115 28654 28676 I Prashant:  com.facebook.GraphRequest$b;->a();->Ljava/io/OutputStream;->write
06-22 02:07:19.116 28654 28676 I Prashant:  com.facebook.GraphRequest$b;->a();->Ljava/io/OutputStream;->write
06-22 02:07:19.117 28654 28676 I Prashant:  com.facebook.GraphRequest$b;->a();->Ljava/io/OutputStream;->write
06-22 02:07:19.118 28654 28676 I Prashant:  com.facebook.GraphRequest$b;->a();->Ljava/io/OutputStream;->write
06-22 02:07:19.119 28654 28676 I Prashant:  com.facebook.GraphRequest$b;->a();->Ljava/io/OutputStream;->write
06-22 02:07:19.119 28654 28676 I Prashant:  com.facebook.GraphRequest$b;->a();->Ljava/io/OutputStream;->write
06-22 02:07:19.120 28654 28676 I Prashant:  com.facebook.GraphRequest$b;->a();->Ljava/io/OutputStream;->write
06-22 02:07:19.121 28654 28676 I Prashant:  com.facebook.GraphRequest$b;->a();->Ljava/io/OutputStream;->write
06-22 02:07:19.121 28654 28676 I Prashant:  com.facebook.GraphRequest$b;->a();->Ljava/io/OutputStream;->write
06-22 02:07:19.122 28654 28676 I Prashant:  com.facebook.GraphRequest$b;->a();->Ljava/io/OutputStream;->write
06-22 02:07:19.123 28654 28676 I Prashant:  com.facebook.GraphRequest$b;->a();->Ljava/io/OutputStream;->write
06-22 02:07:19.124 28654 28676 I Prashant:  com.facebook.GraphRequest$b;->a();->Ljava/io/OutputStream;->write
06-22 02:07:19.124 28654 28676 I Prashant:  com.facebook.GraphRequest$b;->a();->Ljava/io/OutputStream;->write
06-22 02:07:19.125 28654 28676 I Prashant:  com.facebook.GraphRequest$b;->a();->Ljava/io/OutputStream;->write
06-22 02:07:19.125 28654 28676 I Prashant:  com.facebook.GraphRequest$b;->a();->Ljava/io/OutputStream;->write
06-22 02:07:19.126 28654 28676 I Prashant:  com.facebook.GraphRequest$b;->a();->Ljava/io/OutputStream;->write
06-22 02:07:19.127 28654 28676 I Prashant:  com.facebook.GraphRequest$b;->a();->Ljava/io/OutputStream;->write
06-22 02:07:19.127 28654 28676 I Prashant:  com.facebook.GraphRequest$b;->a();->Ljava/io/OutputStream;->write
06-22 02:07:19.128 28654 28676 I Prashant:  com.facebook.GraphRequest$b;->a();->Ljava/io/OutputStream;->write
06-22 02:07:19.129 28654 28676 I Prashant:  com.facebook.GraphRequest$b;->a();->Ljava/io/OutputStream;->write
06-22 02:07:19.130 28654 28676 I Prashant:  com.facebook.GraphRequest$b;->a();->Ljava/io/OutputStream;->write
06-22 02:07:19.131 28654 28676 I Prashant:  com.facebook.GraphRequest$b;->a();->Ljava/io/OutputStream;->write
06-22 02:07:19.131 28654 28676 I Prashant:  com.facebook.GraphRequest$b;->a();->Ljava/io/OutputStream;->write
06-22 02:07:19.132 28654 28676 I Prashant:  com.facebook.GraphRequest$b;->a();->Ljava/io/OutputStream;->write
06-22 02:07:19.133 28654 28676 I Prashant:  com.facebook.GraphRequest$b;->a();->Ljava/io/OutputStream;->write
06-22 02:07:19.133 28654 28676 I Prashant:  com.facebook.GraphRequest$b;->a();->Ljava/io/OutputStream;->write
06-22 02:07:19.134 28654 28676 I Prashant:  com.facebook.GraphRequest$b;->a();->Ljava/io/OutputStream;->write
06-22 02:07:19.135 28654 28676 I Prashant:  com.facebook.GraphRequest$b;->a();->Ljava/io/OutputStream;->write
06-22 02:07:19.136 28654 28676 I Prashant:  com.facebook.GraphRequest$b;->a();->Ljava/io/OutputStream;->write
06-22 02:07:19.136 28654 28676 I Prashant:  com.facebook.GraphRequest$b;->a();->Ljava/io/OutputStream;->write
06-22 02:07:19.137 28654 28676 I Prashant:  com.facebook.GraphRequest$b;->a();->Ljava/io/OutputStream;->write
06-22 02:07:19.138 28654 28676 I Prashant:  com.facebook.GraphRequest$b;->a();->Ljava/io/OutputStream;->write
06-22 02:07:19.139 28654 28676 I Prashant:  com.facebook.GraphRequest$b;->a();->Ljava/io/OutputStream;->write
06-22 02:07:19.139 28654 28676 I Prashant:  com.facebook.GraphRequest$b;->a();->Ljava/io/OutputStream;->write
06-22 02:07:19.140 28654 28676 I Prashant:  com.facebook.GraphRequest$b;->a();->Ljava/io/OutputStream;->write
06-22 02:07:19.141 28654 28676 I Prashant:  com.facebook.GraphRequest$b;->a();->Ljava/io/OutputStream;->write
06-22 02:07:19.142 28654 28676 I Prashant:  com.facebook.GraphRequest$b;->a();->Ljava/io/OutputStream;->write
06-22 02:07:19.143 28654 28676 I Prashant:  com.facebook.GraphRequest$b;->a();->Ljava/io/OutputStream;->write
06-22 02:07:19.144 28654 28676 I Prashant:  com.facebook.GraphRequest$b;->a();->Ljava/io/OutputStream;->write
06-22 02:07:19.145 28654 28676 I Prashant:  com.facebook.GraphRequest$b;->a();->Ljava/io/OutputStream;->write
06-22 02:07:19.146 28654 28676 I Prashant:  com.facebook.GraphRequest$b;->a();->Ljava/io/OutputStream;->write
06-22 02:07:19.146 28654 28676 I Prashant:  com.facebook.GraphRequest$b;->a();->Ljava/io/OutputStream;->write
06-22 02:07:19.147 28654 28676 I Prashant:  com.facebook.GraphRequest$b;->a();->Ljava/io/OutputStream;->write
06-22 02:07:19.148 28654 28676 I Prashant:  com.facebook.GraphRequest$b;->a();->Ljava/io/OutputStream;->write
06-22 02:07:19.148 28654 28676 I Prashant:  com.facebook.GraphRequest$b;->a();->Ljava/io/OutputStream;->write
06-22 02:07:19.148 28654 28676 I Prashant:  com.facebook.GraphRequest$b;->a();->Ljava/io/OutputStream;->write
06-22 02:07:19.149 28654 28676 I Prashant:  com.facebook.GraphRequest$b;->a();->Ljava/io/OutputStream;->write
06-22 02:07:19.149 28654 28676 I Prashant:  com.facebook.GraphRequest$b;->a();->Ljava/io/OutputStream;->write
06-22 02:07:19.150 28654 28676 I Prashant:  com.facebook.GraphRequest$b;->a();->Ljava/io/OutputStream;->write
06-22 02:07:19.150 28654 28676 I Prashant:  com.facebook.GraphRequest$b;->a();->Ljava/io/OutputStream;->write
06-22 02:07:19.150 28654 28676 I Prashant:  com.facebook.GraphRequest$b;->a();->Ljava/io/OutputStream;->write
06-22 02:07:19.151 28654 28676 I Prashant:  com.facebook.GraphRequest$b;->a();->Ljava/io/OutputStream;->write
06-22 02:07:19.151 28654 28676 I Prashant:  com.facebook.GraphRequest$b;->a();->Ljava/io/OutputStream;->write
06-22 02:07:19.151 28654 28676 I Prashant:  com.facebook.GraphRequest$b;->a();->Ljava/io/OutputStream;->write
06-22 02:07:19.152 28654 28676 I Prashant:  com.facebook.GraphRequest$b;->a();->Ljava/io/OutputStream;->write
06-22 02:07:19.152 28654 28676 I Prashant:  com.facebook.GraphRequest$b;->a();->Ljava/io/OutputStream;->write
06-22 02:07:19.153 28654 28676 I Prashant:  com.facebook.GraphRequest$b;->a();->Ljava/io/OutputStream;->write
06-22 02:07:19.153 28654 28676 I Prashant:  com.facebook.GraphRequest$b;->a();->Ljava/io/OutputStream;->write
06-22 02:07:19.153 28654 28676 I Prashant:  com.facebook.GraphRequest$b;->a();->Ljava/io/OutputStream;->write
06-22 02:07:19.154 28654 28676 I Prashant:  com.facebook.GraphRequest$b;->a();->Ljava/io/OutputStream;->write
06-22 02:07:19.154 28654 28676 I Prashant:  com.facebook.GraphRequest$b;->a();->Ljava/io/OutputStream;->write
06-22 02:07:19.154 28654 28676 I Prashant:  com.facebook.GraphRequest$b;->a();->Ljava/io/OutputStream;->write
06-22 02:07:19.154 28654 28676 I Prashant:  com.facebook.GraphRequest$b;->a();->Ljava/io/OutputStream;->write
06-22 02:07:19.155 28654 28676 I Prashant:  com.facebook.GraphRequest$b;->a();->Ljava/io/OutputStream;->write
06-22 02:07:19.155 28654 28676 I Prashant:  com.facebook.GraphRequest$b;->a();->Ljava/io/OutputStream;->write
06-22 02:07:19.156 28654 28676 I Prashant:  com.facebook.GraphRequest$b;->a();->Ljava/io/OutputStream;->write
06-22 02:07:19.156 28654 28676 I Prashant:  com.facebook.GraphRequest$b;->a();->Ljava/io/OutputStream;->write
06-22 02:07:19.156 28654 28676 I Prashant:  com.facebook.GraphRequest$b;->a();->Ljava/io/OutputStream;->write
06-22 02:07:19.157 28654 28676 I Prashant:  com.facebook.GraphRequest$b;->a();->Ljava/io/OutputStream;->write
06-22 02:07:19.157 28654 28676 I Prashant:  com.facebook.GraphRequest$b;->a();->Ljava/io/OutputStream;->write
06-22 02:07:19.158 28654 28676 I Prashant:  com.facebook.GraphRequest$b;->a();->Ljava/io/OutputStream;->write
06-22 02:07:19.158 28654 28676 I Prashant:  com.facebook.GraphRequest$b;->a();->Ljava/io/OutputStream;->write
06-22 02:07:19.158 28654 28676 I Prashant:  com.facebook.GraphRequest$b;->a();->Ljava/io/OutputStream;->write
06-22 02:07:19.225 28654 28654 I Prashant:  com.newsdog.quickread.sync.SyncService;->onBind();->Landroid/content/Intent;->getAction
06-22 02:07:19.233 28654 28739 I Prashant:  com.newsdog.utils.p;->c();->Landroid/util/Log;->e
06-22 02:07:19.241 27802 27819 I Prashant:  com.xiaomi.a.a.c.b;->a();->Landroid/util/Log;->v
06-22 02:07:19.256 28654 28654 I Prashant:  com.xiaomi.mipush.sdk.PushMessageReceiver;->onReceive();->Landroid/content/Intent;-><init>
06-22 02:07:19.257 28654 28654 I Prashant:  com.xiaomi.mipush.sdk.PushMessageReceiver;->onReceive();->Landroid/content/Context;->startService
06-22 02:07:19.263 28654 28740 I Prashant:  com.xiaomi.a.a.c.b;->a();->Landroid/util/Log;->v
06-22 02:07:19.268 28654 28740 I Prashant:  com.xiaomi.a.a.c.b;->a();->Landroid/util/Log;->v
06-22 02:07:19.399 28654 28703 I Prashant:  com.newsdog.app.NewsDogApp;->p();->Landroid/util/Log;->e
06-22 02:07:19.407 28654 28703 I Prashant:  com.newsdog.utils.g;->q();->Landroid/net/wifi/WifiInfo;->getMacAddress
06-22 02:07:19.424 28654 28703 I Prashant:  com.newsdog.utils.p;->c();->Landroid/util/Log;->e
06-22 02:07:19.424 28654 28703 I Prashant:  com.newsdog.utils.h;->a();->Landroid/util/Log;->e
06-22 02:07:19.424 28654 28733 I Prashant:  com.simple.database.c.a;->a();->Landroid/database/sqlite/SQLiteDatabase;->query
06-22 02:07:19.715 28654 28676 I Prashant:  com.facebook.appevents.e;->b();->Landroid/content/Intent;-><init>
06-22 02:07:19.715 28654 28676 I Prashant:  com.facebook.appevents.e;->b();->Landroid/content/Intent;->putExtra
06-22 02:07:19.908 28654 28654 I Prashant:  com.newsdog.utils.p;->c();->Landroid/util/Log;->e
06-22 02:07:19.918 28654 28654 I Prashant:  com.google.android.gms.common.b;-><init>();->Landroid/util/Log;->w
06-22 02:07:19.918 28654 28654 I Prashant:  com.google.android.gms.common.b;-><init>();->Landroid/util/Log;->wtf
06-22 02:07:19.919 28654 28654 I Prashant:  com.google.android.gms.common.b;-><init>();->Landroid/util/Log;->w
06-22 02:07:19.919 28654 28654 I Prashant:  com.google.android.gms.common.b;-><init>();->Landroid/util/Log;->wtf
06-22 02:07:19.919 28654 28654 I Prashant:  com.newsdog.utils.p;->c();->Landroid/util/Log;->e
06-22 02:07:19.920 28654 28780 I Prashant:  com.xiaomi.mipush.sdk.am;->j();->Landroid/content/Intent;->setComponent
06-22 02:07:19.920 28654 28780 I Prashant:  com.xiaomi.mipush.sdk.am;->j();->Landroid/content/Intent;->putExtra
06-22 02:07:19.921 28654 28783 I Prashant:  com.newsdog.n.f.c;->d();->Landroid/util/Log;->e
06-22 02:07:19.921 28654 28783 I Prashant:  com.newsdog.n.f.c;->b();->Landroid/util/Log;->e
06-22 02:07:19.921 28654 28783 I Prashant:  com.newsdog.utils.p;->c();->Landroid/util/Log;->e
06-22 02:07:19.923 28654 28780 I Prashant:  com.xiaomi.mipush.sdk.am;->a();->Landroid/content/Context;->startService
06-22 02:07:19.923 28654 28780 I Prashant:  com.xiaomi.a.a.c.b;->a();->Landroid/util/Log;->v
06-22 02:07:19.923 28654 28783 I Prashant:  com.appsflyer.c;->a();->Landroid/util/Log;->i
06-22 02:07:19.927 28654 28784 I Prashant:  com.simple.database.c.a;->a();->Landroid/database/sqlite/SQLiteDatabase;->query
06-22 02:07:19.929 28654 28785 I Prashant:  com.simple.database.c.a;->a();->Landroid/database/sqlite/SQLiteDatabase;->query
06-22 02:07:19.933 28654 28783 I Prashant:  com.appsflyer.AppsFlyerLib;->a();->Landroid/os/Bundle;->get
06-22 02:07:19.967 28654 28673 I Prashant:  com.appsflyer.c;->a();->Landroid/util/Log;->i
06-22 02:07:19.968 28654 28673 I Prashant:  com.appsflyer.c;->b();->Landroid/util/Log;->d
06-22 02:07:19.968 28654 28673 I Prashant:  com.appsflyer.v;->a();->Ljava/net/URL;->openConnection
06-22 02:07:19.969 28654 28673 I Prashant:  com.appsflyer.v;->a();->Ljava/net/URL;-><init>
06-22 02:07:19.970 28654 28654 I Prashant:  com.appsflyer.c;->a();->Landroid/util/Log;->i
06-22 02:07:19.970 28654 28673 I Prashant:  com.appsflyer.c;->a();->Landroid/util/Log;->i
06-22 02:07:20.107 28654 28654 I Prashant:  com.google.firebase.iid.FirebaseInstanceIdReceiver;->onReceive();->Landroid/content/Intent;->getAction
06-22 02:07:20.108 28654 28654 I Prashant:  com.google.firebase.iid.p;->b();->Landroid/util/Log;->d
06-22 02:07:20.109 28654 28654 I Prashant:  com.google.firebase.iid.p;->b();->Landroid/content/Intent;->setClassName
06-22 02:07:20.115 28654 28654 I Prashant:  com.google.firebase.iid.p;->a();->Landroid/content/Intent;-><init>
06-22 02:07:20.118 28654 28804 I Prashant:  com.google.firebase.messaging.FirebaseMessagingService;->b();->Landroid/os/Bundle;->get
06-22 02:07:20.119 28654 28804 I Prashant:  com.google.firebase.messaging.FirebaseMessagingService;->b();->Landroid/os/Bundle;->getString
06-22 02:07:20.119 28654 28804 I Prashant:  com.google.firebase.messaging.b;->a();->Landroid/os/Bundle;->get
06-22 02:07:20.120 28654 28804 I Prashant:  com.google.firebase.messaging.b;->a();->Landroid/os/Bundle;->getString
06-22 02:07:20.120 28654 28804 I Prashant:  com.google.firebase.messaging.b;->a();->Landroid/os/Bundle;->get
06-22 02:07:20.120 28654 28804 I Prashant:  com.google.firebase.messaging.b;->a();->Landroid/os/Bundle;->getString
06-22 02:07:20.121 28654 28804 I Prashant:  com.google.firebase.messaging.RemoteMessage;->a();->Landroid/os/Bundle;->get
06-22 02:07:20.121 28654 28804 I Prashant:  com.google.firebase.messaging.FirebaseMessagingService;->b();->Landroid/content/Intent;->getExtras
06-22 02:07:20.329 28654 28673 I Prashant:  com.appsflyer.c;->a();->Landroid/util/Log;->i
06-22 02:07:20.330 28654 28673 I Prashant:  com.appsflyer.c;->b();->Landroid/util/Log;->d
06-22 02:07:20.330 28654 28673 I Prashant:  com.appsflyer.v;->a();->Ljava/net/URL;->openConnection
06-22 02:07:20.332 28654 28654 I Prashant:  com.appsflyer.c;->a();->Landroid/util/Log;->i
06-22 02:07:20.524 28654 28654 I Prashant:  com.google.firebase.iid.FirebaseInstanceIdReceiver;->onReceive();->Landroid/content/Intent;->getAction
06-22 02:07:20.525 28654 28654 I Prashant:  com.google.firebase.iid.p;->b();->Landroid/util/Log;->d
06-22 02:07:20.525 28654 28654 I Prashant:  com.google.firebase.iid.p;->b();->Landroid/content/Intent;->setClassName
06-22 02:07:20.533 28654 28654 I Prashant:  com.google.firebase.iid.p;->a();->Landroid/content/Intent;-><init>
06-22 02:07:20.543 28654 28839 I Prashant:  com.google.firebase.messaging.FirebaseMessagingService;->b();->Landroid/os/Bundle;->get
06-22 02:07:20.543 28654 28839 I Prashant:  com.google.firebase.messaging.FirebaseMessagingService;->b();->Landroid/os/Bundle;->getString
06-22 02:07:20.544 28654 28839 I Prashant:  com.google.firebase.messaging.b;->a();->Landroid/os/Bundle;->get
06-22 02:07:20.544 28654 28839 I Prashant:  com.google.firebase.messaging.b;->a();->Landroid/os/Bundle;->getString
06-22 02:07:20.544 28654 28839 I Prashant:  com.google.firebase.messaging.b;->a();->Landroid/os/Bundle;->get
06-22 02:07:20.545 28654 28839 I Prashant:  com.google.firebase.messaging.b;->a();->Landroid/os/Bundle;->getString
06-22 02:07:20.545 28654 28839 I Prashant:  com.google.firebase.messaging.RemoteMessage;->a();->Landroid/os/Bundle;->get
06-22 02:07:20.546 28654 28839 I Prashant:  com.google.firebase.messaging.FirebaseMessagingService;->b();->Landroid/content/Intent;->getExtras
06-22 02:07:21.215 27802 27819 I Prashant:  com.xiaomi.a.a.c.b;->a();->Landroid/util/Log;->v
06-22 02:07:21.216 27802 27819 I Prashant:  com.xiaomi.a.a.c.b;->a();->Landroid/util/Log;->v
06-22 02:07:21.219 27802 27819 I Prashant:  com.xiaomi.a.a.c.b;->a();->Landroid/util/Log;->v
06-22 02:07:21.220 27802 27819 I Prashant:  com.xiaomi.d.d;->a();->Ljava/io/OutputStream;->write
06-22 02:07:21.457 27802 27826 I Prashant:  com.xiaomi.a.a.c.b;->a();->Landroid/util/Log;->v
06-22 02:07:23.598 28654 28654 I Prashant:  com.newsdog.n.f.c;->d();->Landroid/util/Log;->e
06-22 02:07:23.599 28654 28654 I Prashant:  com.newsdog.n.f.c;->b();->Landroid/util/Log;->e
06-22 02:07:23.605 28654 28654 I Prashant:  com.newsdog.quickread.sync.b;->a();->Landroid/accounts/AccountManager;->getAccountsByType
06-22 02:07:23.607 28654 28654 I Prashant:  com.newsdog.quickread.sync.b;->a();->Landroid/accounts/AccountManager;->getAccounts
06-22 02:07:26.297 28654 28784 I Prashant:  com.simple.database.c.a;->a();->Landroid/database/sqlite/SQLiteDatabase;->query
06-22 02:07:29.933 28654 28785 I Prashant:  com.simple.database.c.a;->a();->Landroid/database/sqlite/SQLiteDatabase;->query
06-22 02:07:29.937 28654 28784 I Prashant:  com.simple.database.c.a;->a();->Landroid/database/sqlite/SQLiteDatabase;->query
06-22 02:07:31.221 27802 27819 I Prashant:  com.xiaomi.a.a.c.b;->a();->Landroid/util/Log;->v
06-22 02:07:33.937 28654 28676 I Prashant:  com.facebook.appevents.e;->a();->Landroid/os/Bundle;->putString
06-22 02:07:33.937 28654 28676 I Prashant:  com.facebook.appevents.e;->b();->Landroid/content/Intent;-><init>
06-22 02:07:33.937 28654 28676 I Prashant:  com.facebook.appevents.e;->b();->Landroid/content/Intent;->putExtra
06-22 02:08:01.431 30288 30288 I Prashant:  com.facebook.internal.x;->b();->Landroid/util/Log;->w
06-22 02:08:01.432 30288 30288 I Prashant:  com.facebook.internal.x;->a();->Landroid/util/Log;->w
06-22 02:08:01.433 30288 30288 I Prashant:  com.facebook.FacebookSdk;->c();->Landroid/os/Bundle;->get
06-22 02:08:01.433 30288 30288 I Prashant:  com.facebook.FacebookSdk;->c();->Landroid/os/Bundle;->getBoolean
06-22 02:08:01.433 30288 30288 I Prashant:  com.facebook.FacebookSdk;->c();->Landroid/os/Bundle;->getInt
06-22 02:08:01.434 30288 30288 I Prashant:  com.facebook.FacebookSdk;->c();->Landroid/os/Bundle;->getString
06-22 02:08:01.444 30288 30307 I Prashant:  com.facebook.GraphRequest;->m();->Landroid/os/Bundle;->putString
06-22 02:08:01.444 30288 30307 I Prashant:  com.facebook.GraphRequest;->m();->Landroid/os/Bundle;->putString
06-22 02:08:01.445 30288 30307 I Prashant:  com.facebook.GraphRequest;->b();->Landroid/os/Bundle;->get
06-22 02:08:01.445 30288 30307 I Prashant:  com.facebook.GraphRequest;->b();->Landroid/os/Bundle;->get
06-22 02:08:01.445 30288 30307 I Prashant:  com.facebook.GraphRequest;->b();->Landroid/os/Bundle;->get
06-22 02:08:01.447 30288 30307 I Prashant:  com.facebook.GraphRequest;->a();->Ljava/net/URL;-><init>
06-22 02:08:01.448 30288 30309 I Prashant:  com.facebook.internal.s;->b();->Landroid/content/ContentResolver;->query
06-22 02:08:01.453 30288 30314 I Prashant:  com.facebook.appevents.e;->b();->Landroid/content/Intent;-><init>
06-22 02:08:01.453 30288 30314 I Prashant:  com.facebook.appevents.e;->b();->Landroid/content/Intent;->putExtra
06-22 02:08:01.458 30288 30307 I Prashant:  com.facebook.GraphRequest;->a();->Ljava/net/URL;->openConnection
06-22 02:08:01.463 30288 30288 I Prashant:  com.android.volley.VolleyLog;-><clinit>();->Landroid/util/Log;->i
06-22 02:08:01.535 30288 30288 I Prashant:  com.a.a.c.a;->a();->Landroid/util/Log;->e
06-22 02:08:01.543 30288 30288 I Prashant:  com.a.a.c.k;-><init>();->Landroid/content/Context;->registerReceiver
06-22 02:08:01.549 30288 30335 I Prashant:  com.google.android.gms.common.internal.zzbd;->c();->Landroid/os/Bundle;->get
06-22 02:08:01.549 30288 30335 I Prashant:  com.google.android.gms.common.internal.zzbd;->c();->Landroid/os/Bundle;->getInt
06-22 02:08:01.549 30288 30335 I Prashant:  com.google.android.gms.common.internal.zzbd;->c();->Landroid/os/Bundle;->getString
06-22 02:08:01.558 30288 30336 I Prashant:  com.a.a.c.e;->a();->Ljava/io/OutputStream;->write
06-22 02:08:01.561 30288 30288 I Prashant:  com.newsdog.utils.g;->a();->Landroid/os/Bundle;->get
06-22 02:08:01.561 30288 30288 I Prashant:  com.newsdog.utils.g;->a();->Landroid/os/Bundle;->getString
06-22 02:08:01.563 30288 30336 I Prashant:  com.a.a.c.e;->a();->Ljava/io/OutputStream;->write
06-22 02:08:01.564 30288 30335 I Prashant:  com.google.android.gms.common.b;-><init>();->Landroid/util/Log;->w
06-22 02:08:01.564 30288 30288 I Prashant:  com.newsdog.c.x;->a();->Landroid/util/Log;->e
06-22 02:08:01.565 30288 30336 I Prashant:  com.a.a.c.e;->a();->Ljava/io/OutputStream;->write
06-22 02:08:01.566 30288 30336 I Prashant:  com.a.a.c.e;->a();->Ljava/io/OutputStream;->write
06-22 02:08:01.567 30288 30335 I Prashant:  com.google.android.gms.common.b;-><init>();->Landroid/util/Log;->wtf
06-22 02:08:01.567 30288 30342 I Prashant:  com.google.firebase.a;->a();->Landroid/util/Log;->d
06-22 02:08:01.567 30288 30335 I Prashant:  com.google.android.gms.common.b;-><init>();->Landroid/util/Log;->w
06-22 02:08:01.567 30288 30335 I Prashant:  com.google.android.gms.common.b;-><init>();->Landroid/util/Log;->wtf
06-22 02:08:01.569 30288 30342 I Prashant:  com.google.firebase.iid.q;-><init>();->Landroid/util/Log;->i
06-22 02:08:01.570 30288 30340 I Prashant:  com.google.android.gms.common.b;-><init>();->Landroid/util/Log;->w
06-22 02:08:01.570 30288 30322 I Prashant:  com.google.android.gms.common.b;-><init>();->Landroid/util/Log;->w
06-22 02:08:01.570 30288 30322 I Prashant:  com.google.android.gms.common.b;-><init>();->Landroid/util/Log;->wtf
06-22 02:08:01.570 30288 30340 I Prashant:  com.google.android.gms.common.b;-><init>();->Landroid/util/Log;->wtf
06-22 02:08:01.570 30288 30340 I Prashant:  com.google.android.gms.common.b;-><init>();->Landroid/util/Log;->w
06-22 02:08:01.570 30288 30335 I Prashant:  com.google.android.gms.common.b;-><init>();->Landroid/util/Log;->w
06-22 02:08:01.571 30288 30340 I Prashant:  com.google.android.gms.common.b;-><init>();->Landroid/util/Log;->wtf
06-22 02:08:01.571 30288 30336 I Prashant:  com.a.a.c.e;->a();->Ljava/io/OutputStream;->write
06-22 02:08:01.572 30288 30335 I Prashant:  com.google.android.gms.common.b;-><init>();->Landroid/util/Log;->wtf
