06-22 02:08:01.572 30288 30322 I Prashant:  com.google.android.gms.common.b;-><init>();->Landroid/util/Log;->w
06-22 02:08:01.572 30288 30322 I Prashant:  com.google.android.gms.common.b;-><init>();->Landroid/util/Log;->wtf
06-22 02:08:01.572 30288 30340 I Prashant:  com.google.android.gms.common.stats.zza;->a();->Landroid/content/Intent;->getComponent
06-22 02:08:01.572 30288 30288 I Prashant:  com.newsdog.n.f.c;->d();->Landroid/util/Log;->e
06-22 02:08:01.573 30288 30288 I Prashant:  com.newsdog.n.f.c;->b();->Landroid/util/Log;->e
06-22 02:08:01.573 30288 30322 I Prashant:  com.google.android.gms.common.stats.zza;->a();->Landroid/content/Intent;->getComponent
06-22 02:08:01.574 30288 30335 I Prashant:  com.google.android.gms.common.b;-><init>();->Landroid/util/Log;->w
06-22 02:08:01.574 30288 30335 I Prashant:  com.google.android.gms.common.b;-><init>();->Landroid/util/Log;->wtf
06-22 02:08:01.579 30288 30342 I Prashant:  com.google.firebase.a;->a();->Landroid/util/Log;->d
06-22 02:08:01.579 30288 30340 I Prashant:  com.google.android.gms.common.stats.zza;->a();->Landroid/content/Context;->bindService
06-22 02:08:01.580 30288 30340 I Prashant:  com.google.android.gms.ads.identifier.AdvertisingIdClient;->zzd();->Landroid/content/Intent;-><init>
06-22 02:08:01.582 30288 30288 I Prashant:  com.newsdog.utils.h;->a();->Landroid/util/Log;->e
06-22 02:08:01.582 30288 30335 I Prashant:  com.google.android.gms.common.b;-><init>();->Landroid/util/Log;->w
06-22 02:08:01.582 30288 30335 I Prashant:  com.google.android.gms.common.b;-><init>();->Landroid/util/Log;->wtf
06-22 02:08:01.583 30288 30335 I Prashant:  com.google.android.gms.common.b;-><init>();->Landroid/util/Log;->w
06-22 02:08:01.583 30288 30335 I Prashant:  com.google.android.gms.common.b;-><init>();->Landroid/util/Log;->wtf
06-22 02:08:01.583 30288 30335 I Prashant:  com.google.android.gms.common.stats.zza;->a();->Landroid/content/Intent;->getComponent
06-22 02:08:01.588 30288 30322 I Prashant:  com.google.android.gms.common.stats.zza;->a();->Landroid/content/Context;->bindService
06-22 02:08:01.588 30288 30322 I Prashant:  com.google.android.gms.ads.identifier.AdvertisingIdClient;->zzd();->Landroid/content/Intent;-><init>
06-22 02:08:01.591 30288 30335 I Prashant:  com.google.android.gms.common.stats.zza;->a();->Landroid/content/Context;->bindService
06-22 02:08:01.591 30288 30335 I Prashant:  com.google.android.gms.ads.identifier.AdvertisingIdClient;->zzd();->Landroid/content/Intent;-><init>
06-22 02:08:01.593 30288 30288 I Prashant:  com.newsdog.utils.i.a;->a();->Landroid/util/Log;->e
06-22 02:08:01.600 30288 30288 I Prashant:  com.newsdog.app.NewsDogApp;->a();->Landroid/util/Log;->e
06-22 02:08:01.600 30288 30336 I Prashant:  com.a.a.c.e;->a();->Ljava/io/OutputStream;->write
06-22 02:08:01.600 30288 30342 I Prashant:  com.google.android.gms.internal.zzcfl;->a();->Landroid/util/Log;->i
06-22 02:08:01.601 30288 30342 I Prashant:  com.google.android.gms.internal.zzcfl;->a();->Landroid/util/Log;->i
06-22 02:08:01.603 30288 30342 I Prashant:  com.google.android.gms.internal.zzcet;->a();->Ljava/util/Locale;->getCountry
06-22 02:08:01.609 30288 30342 I Prashant:  com.google.android.gms.internal.zzcfl;->a();->Landroid/util/Log;->i
06-22 02:08:01.609 30288 30342 I Prashant:  com.google.android.gms.internal.zzcfl;->a();->Landroid/util/Log;->i
06-22 02:08:01.610 30288 30342 I Prashant:  com.google.android.gms.internal.zzcfl;->a();->Landroid/util/Log;->i
06-22 02:08:01.610 30288 30342 I Prashant:  com.google.android.gms.internal.zzcfl;->a();->Landroid/util/Log;->i
06-22 02:08:01.622 30288 30342 I Prashant:  com.google.android.gms.internal.zzcjg;->B();->Landroid/content/Intent;-><init>
06-22 02:08:01.622 30288 30342 I Prashant:  com.google.android.gms.internal.zzcjg;->B();->Landroid/app/PendingIntent;->getBroadcast
06-22 02:08:01.622 30288 30342 I Prashant:  com.google.android.gms.internal.zzcjg;->B();->Landroid/content/Intent;->setAction
06-22 02:08:01.622 30288 30342 I Prashant:  com.google.android.gms.internal.zzcjg;->B();->Landroid/content/Intent;->setClassName
06-22 02:08:01.624 30288 30342 I Prashant:  com.google.android.gms.internal.zzcfl;->a();->Landroid/util/Log;->i
06-22 02:08:01.626 30288 30342 I Prashant:  com.google.android.gms.internal.zzcfl;->a();->Landroid/util/Log;->i
06-22 02:08:01.626 30288 30342 I Prashant:  com.newsdog.app.NewsDogApp;->j();->Landroid/util/Log;->e
06-22 02:08:01.627 30288 30342 I Prashant:  com.newsdog.app.NewsDogApp;->j();->Landroid/util/Log;->e
06-22 02:08:01.631 30288 30342 I Prashant:  com.newsdog.utils.g;->g();->Landroid/telephony/TelephonyManager;->getDeviceId
06-22 02:08:01.633 30288 30335 I Prashant:  com.google.android.gms.common.b;-><init>();->Landroid/util/Log;->w
06-22 02:08:01.634 30288 30335 I Prashant:  com.google.android.gms.common.b;-><init>();->Landroid/util/Log;->wtf
06-22 02:08:01.634 30288 30335 I Prashant:  com.google.android.gms.common.b;-><init>();->Landroid/util/Log;->w
06-22 02:08:01.634 30288 30335 I Prashant:  com.google.android.gms.common.b;-><init>();->Landroid/util/Log;->wtf
06-22 02:08:01.634 30288 30335 I Prashant:  com.google.android.gms.common.stats.zza;->a();->Landroid/content/Intent;->getComponent
06-22 02:08:01.638 30288 30353 I Prashant:  com.google.android.gms.internal.zzcfl;->a();->Landroid/util/Log;->i
06-22 02:08:01.638 30288 30353 I Prashant:  com.google.android.gms.internal.zzcfl;->a();->Landroid/util/Log;->i
06-22 02:08:01.644 30288 30335 I Prashant:  com.google.android.gms.common.stats.zza;->a();->Landroid/content/Context;->bindService
06-22 02:08:01.644 30288 30335 I Prashant:  com.google.android.gms.ads.identifier.AdvertisingIdClient;->zzd();->Landroid/content/Intent;-><init>
06-22 02:08:01.645 30288 30342 I Prashant:  com.newsdog.utils.p;->c();->Landroid/util/Log;->e
06-22 02:08:01.646 30288 30340 I Prashant:  com.newsdog.app.NewsDogApp;->c();->Landroid/util/Log;->e
06-22 02:08:01.647 30288 30342 I Prashant:  com.appsflyer.c;->a();->Landroid/util/Log;->i
06-22 02:08:01.648 30288 30342 I Prashant:  com.appsflyer.c;->a();->Landroid/util/Log;->i
06-22 02:08:01.649 30288 30340 I Prashant:  com.newsdog.n.d.c;->d();->Landroid/content/Context;->registerReceiver
06-22 02:08:01.649 30288 30288 I Prashant:  com.newsdog.n.d.e;->a();->Landroid/util/Log;->d
06-22 02:08:01.650 30288 30342 I Prashant:  com.appsflyer.c;->b();->Landroid/util/Log;->d
06-22 02:08:01.651 30288 30288 I Prashant:  com.newsdog.n.d.e;->j();->Landroid/content/Intent;-><init>
06-22 02:08:01.651 30288 30288 I Prashant:  com.newsdog.n.d.e;->j();->Landroid/content/Context;->sendBroadcast
06-22 02:08:01.651 30288 30342 I Prashant:  com.appsflyer.c;->b();->Landroid/util/Log;->d
06-22 02:08:01.652 30288 30288 I Prashant:  com.newsdog.n.d.e;->i();->Landroid/content/Intent;-><init>
06-22 02:08:01.653 30288 30288 I Prashant:  com.newsdog.n.d.e;->i();->Landroid/content/Intent;->putExtra
06-22 02:08:01.653 30288 30288 I Prashant:  com.newsdog.n.d.e;->i();->Landroid/content/Context;->sendBroadcast
06-22 02:08:01.654 30288 30288 I Prashant:  com.newsdog.n.d.c$1;->onReceive();->Landroid/content/Intent;->getAction
06-22 02:08:01.657 30288 30288 I Prashant:  com.newsdog.quickread.receiver.QuickReadReceiver;->onReceive();->Landroid/content/Intent;->getAction
06-22 02:08:01.666 30288 30340 I Prashant:  com.newsdog.app.NewsDogApp;->m();->Landroid/content/IntentFilter;->addAction
06-22 02:08:01.666 30288 30342 I Prashant:  com.flurry.sdk.kc;->c();->Landroid/content/Context;->registerReceiver
06-22 02:08:01.666 30288 30340 I Prashant:  com.newsdog.utils.p;->c();->Landroid/util/Log;->e
06-22 02:08:01.670 30288 30356 I Prashant:  com.google.android.gms.common.b;-><init>();->Landroid/util/Log;->w
06-22 02:08:01.670 30288 30356 I Prashant:  com.google.android.gms.common.b;-><init>();->Landroid/util/Log;->wtf
06-22 02:08:01.671 30288 30356 I Prashant:  com.google.android.gms.common.b;-><init>();->Landroid/util/Log;->w
06-22 02:08:01.671 30288 30356 I Prashant:  com.google.android.gms.common.b;-><init>();->Landroid/util/Log;->wtf
06-22 02:08:01.671 30288 30356 I Prashant:  com.google.android.gms.common.stats.zza;->a();->Landroid/content/Intent;->getComponent
06-22 02:08:01.672 30288 30340 I Prashant:  com.xiaomi.mipush.sdk.b;->q();->Landroid/content/Context;->registerReceiver
06-22 02:08:01.672 30288 30340 I Prashant:  com.xiaomi.mipush.sdk.b;->q();->Landroid/content/IntentFilter;->addAction
06-22 02:08:01.678 30288 30342 I Prashant:  com.facebook.appevents.g;->a();->Landroid/util/Log;->d
06-22 02:08:01.679 30288 30342 I Prashant:  com.newsdog.h.c;->a();->Landroid/util/Log;->e
06-22 02:08:01.680 30288 30360 I Prashant:  com.xiaomi.mipush.sdk.am;->j();->Landroid/content/Intent;->setComponent
06-22 02:08:01.680 30288 30360 I Prashant:  com.xiaomi.mipush.sdk.am;->j();->Landroid/content/Intent;->putExtra
06-22 02:08:01.683 30288 30310 I Prashant:  com.google.android.gms.common.b;-><init>();->Landroid/util/Log;->w
06-22 02:08:01.683 30288 30313 I Prashant:  com.facebook.appevents.b;->b();->Landroid/util/Log;->w
06-22 02:08:01.683 30288 30310 I Prashant:  com.google.android.gms.common.b;-><init>();->Landroid/util/Log;->wtf
06-22 02:08:01.684 30288 30313 I Prashant:  com.facebook.appevents.c;->a();->Landroid/os/Bundle;->get
06-22 02:08:01.684 30288 30310 I Prashant:  com.google.android.gms.common.b;-><init>();->Landroid/util/Log;->w
06-22 02:08:01.684 30288 30310 I Prashant:  com.google.android.gms.common.b;-><init>();->Landroid/util/Log;->wtf
06-22 02:08:01.687 30288 30360 I Prashant:  com.xiaomi.mipush.sdk.am;->a();->Landroid/content/Context;->startService
06-22 02:08:01.687 30288 30356 I Prashant:  com.google.android.gms.common.stats.zza;->a();->Landroid/content/Context;->bindService
06-22 02:08:01.687 30288 30356 I Prashant:  com.google.android.gms.ads.identifier.AdvertisingIdClient;->zzd();->Landroid/content/Intent;-><init>
06-22 02:08:01.689 30288 30314 I Prashant:  com.google.android.gms.common.b;-><init>();->Landroid/util/Log;->w
06-22 02:08:01.690 30288 30314 I Prashant:  com.google.android.gms.common.b;-><init>();->Landroid/util/Log;->wtf
06-22 02:08:01.690 30288 30314 I Prashant:  com.google.android.gms.common.b;-><init>();->Landroid/util/Log;->w
06-22 02:08:01.690 30288 30314 I Prashant:  com.google.android.gms.common.b;-><init>();->Landroid/util/Log;->wtf
06-22 02:08:01.693 30288 30310 I Prashant:  com.google.android.gms.common.b;-><init>();->Landroid/util/Log;->w
06-22 02:08:01.694 30288 30310 I Prashant:  com.google.android.gms.common.b;-><init>();->Landroid/util/Log;->wtf
06-22 02:08:01.694 30288 30310 I Prashant:  com.google.android.gms.common.b;-><init>();->Landroid/util/Log;->w
06-22 02:08:01.694 30288 30310 I Prashant:  com.google.android.gms.common.b;-><init>();->Landroid/util/Log;->wtf
06-22 02:08:01.694 30288 30310 I Prashant:  com.google.android.gms.common.stats.zza;->a();->Landroid/content/Intent;->getComponent
06-22 02:08:01.696 30288 30342 I Prashant:  com.google.android.gms.common.b;-><init>();->Landroid/util/Log;->w
06-22 02:08:01.696 30288 30342 I Prashant:  com.google.android.gms.common.b;-><init>();->Landroid/util/Log;->wtf
06-22 02:08:01.696 30288 30342 I Prashant:  com.google.android.gms.common.b;-><init>();->Landroid/util/Log;->w
06-22 02:08:01.696 30288 30342 I Prashant:  com.google.android.gms.common.b;-><init>();->Landroid/util/Log;->wtf
06-22 02:08:01.698 30288 30314 I Prashant:  com.google.android.gms.common.b;-><init>();->Landroid/util/Log;->w
06-22 02:08:01.698 30288 30314 I Prashant:  com.google.android.gms.common.b;-><init>();->Landroid/util/Log;->wtf
06-22 02:08:01.699 30288 30314 I Prashant:  com.google.android.gms.common.b;-><init>();->Landroid/util/Log;->w
06-22 02:08:01.699 30288 30314 I Prashant:  com.google.android.gms.common.b;-><init>();->Landroid/util/Log;->wtf
06-22 02:08:01.699 30288 30314 I Prashant:  com.google.android.gms.common.stats.zza;->a();->Landroid/content/Intent;->getComponent
06-22 02:08:01.700 30288 30310 I Prashant:  com.google.android.gms.common.stats.zza;->a();->Landroid/content/Context;->bindService
06-22 02:08:01.701 30288 30310 I Prashant:  com.google.android.gms.ads.identifier.AdvertisingIdClient;->zzd();->Landroid/content/Intent;-><init>
06-22 02:08:01.702 30288 30314 I Prashant:  com.google.android.gms.common.stats.zza;->a();->Landroid/content/Context;->bindService
06-22 02:08:01.702 30288 30314 I Prashant:  com.google.android.gms.ads.identifier.AdvertisingIdClient;->zzd();->Landroid/content/Intent;-><init>
06-22 02:08:01.704 30288 30365 I Prashant:  com.xiaomi.mipush.sdk.f;->b();->Landroid/content/Intent;-><init>
06-22 02:08:01.704 30288 30365 I Prashant:  com.xiaomi.mipush.sdk.f;->b();->Landroid/content/Intent;->setClassName
06-22 02:08:01.704 30288 30340 I Prashant:  com.google.android.gms.common.b;-><init>();->Landroid/util/Log;->w
06-22 02:08:01.704 30288 30340 I Prashant:  com.google.android.gms.common.b;-><init>();->Landroid/util/Log;->wtf
06-22 02:08:01.704 30288 30340 I Prashant:  com.google.android.gms.common.b;-><init>();->Landroid/util/Log;->w
06-22 02:08:01.705 30288 30340 I Prashant:  com.google.android.gms.common.b;-><init>();->Landroid/util/Log;->wtf
06-22 02:08:01.705 30288 30340 I Prashant:  com.newsdog.utils.p;->c();->Landroid/util/Log;->e
06-22 02:08:01.706 30288 30367 I Prashant:  com.newsdog.n.f.c;->d();->Landroid/util/Log;->e
06-22 02:08:01.706 30288 30367 I Prashant:  com.newsdog.n.f.c;->b();->Landroid/util/Log;->e
06-22 02:08:01.710 30288 30367 I Prashant:  com.newsdog.utils.p;->c();->Landroid/util/Log;->e
06-22 02:08:01.710 30288 30342 I Prashant:  com.google.android.gms.dynamite.DynamiteModule;->c();->Landroid/database/Cursor;->getString
06-22 02:08:01.711 30288 30367 I Prashant:  com.appsflyer.c;->a();->Landroid/util/Log;->i
06-22 02:08:01.716 30288 30365 I Prashant:  com.xiaomi.mipush.sdk.PushServiceReceiver;->onReceive();->Landroid/content/Intent;->getAction
06-22 02:08:01.716 30288 30365 I Prashant:  com.xiaomi.mipush.sdk.PushServiceReceiver;->onReceive();->Landroid/content/Intent;-><init>
06-22 02:08:01.716 30288 30365 I Prashant:  com.xiaomi.mipush.sdk.PushServiceReceiver;->onReceive();->Landroid/content/Intent;->setAction
06-22 02:08:01.717 30288 30365 I Prashant:  com.xiaomi.mipush.sdk.PushServiceReceiver;->onReceive();->Landroid/content/Intent;->putExtra
06-22 02:08:01.717 30288 30365 I Prashant:  com.xiaomi.mipush.sdk.PushServiceReceiver;->onReceive();->Landroid/content/Context;->startService
06-22 02:08:01.717 30288 30365 I Prashant:  com.xiaomi.mipush.sdk.f;->a();->Landroid/content/Intent;-><init>
06-22 02:08:01.717 30288 30365 I Prashant:  com.xiaomi.mipush.sdk.f;->a();->Landroid/content/Intent;->putExtra
06-22 02:08:01.720 30288 30369 I Prashant:  com.xiaomi.mipush.sdk.PushMessageHandler;->onHandleIntent();->Landroid/content/Intent;-><init>
06-22 02:08:01.720 30288 30369 I Prashant:  com.xiaomi.mipush.sdk.PushMessageHandler;->onHandleIntent();->Landroid/content/pm/PackageManager;->queryBroadcastReceivers
06-22 02:08:01.720 30288 30369 I Prashant:  com.xiaomi.mipush.sdk.PushMessageHandler;->onHandleIntent();->Landroid/content/Intent;->putExtra
06-22 02:08:01.721 30288 30365 I Prashant:  com.xiaomi.mipush.sdk.am;->j();->Landroid/content/Intent;->setComponent
06-22 02:08:01.721 30288 30365 I Prashant:  com.xiaomi.mipush.sdk.am;->j();->Landroid/content/Intent;->putExtra
06-22 02:08:01.722 30288 30369 I Prashant:  com.newsdog.n.f.c;->d();->Landroid/util/Log;->e
06-22 02:08:01.723 30288 30369 I Prashant:  com.newsdog.n.f.c;->b();->Landroid/util/Log;->e
06-22 02:08:01.723 30288 30369 I Prashant:  com.newsdog.utils.p;->c();->Landroid/util/Log;->e
06-22 02:08:01.723 30288 30365 I Prashant:  com.xiaomi.mipush.sdk.am;->a();->Landroid/content/Context;->startService
06-22 02:08:01.723 30288 30367 I Prashant:  com.appsflyer.AppsFlyerLib;->a();->Landroid/os/Bundle;->get
06-22 02:08:01.723 30288 30369 I Prashant:  com.newsdog.push.xiaomi.MiMessageReceiver;->onReceiveRegisterResult();->Landroid/util/Log;->e
06-22 02:08:01.723 30288 30369 I Prashant:  com.xiaomi.mipush.sdk.MessageHandleService;->a();->Landroid/content/Intent;->getSerializableExtra
06-22 02:08:01.723 30288 30369 I Prashant:  com.xiaomi.mipush.sdk.PushMessageHandler;->a();->Landroid/content/Intent;-><init>
06-22 02:08:01.726 30288 30311 I Prashant:  com.appsflyer.v;->a();->Ljava/net/URL;-><init>
06-22 02:08:01.733 30288 30340 I Prashant:  com.xiaomi.mipush.sdk.am;->j();->Landroid/content/Intent;->setComponent
06-22 02:08:01.734 30288 30340 I Prashant:  com.xiaomi.mipush.sdk.am;->j();->Landroid/content/Intent;->putExtra
06-22 02:08:01.734 30288 30311 I Prashant:  com.appsflyer.c;->a();->Landroid/util/Log;->i
06-22 02:08:01.737 30288 30340 I Prashant:  com.xiaomi.mipush.sdk.am;->a();->Landroid/content/Context;->startService
06-22 02:08:01.737 30288 30340 I Prashant:  com.xiaomi.mipush.sdk.am;->a();->Landroid/content/Intent;->setAction
06-22 02:08:01.737 30288 30340 I Prashant:  com.xiaomi.mipush.sdk.am;->a();->Landroid/content/Intent;->putExtra
06-22 02:08:01.739 27802 27819 I Prashant:  com.xiaomi.a.a.c.b;->a();->Landroid/util/Log;->v
06-22 02:08:01.742 30288 30372 I Prashant:  com.simple.database.c.a;->a();->Landroid/database/sqlite/SQLiteDatabase;->query
06-22 02:08:01.765 30288 30314 I Prashant:  com.facebook.internal.c;->a();->Landroid/database/Cursor;->getString
06-22 02:08:01.767 30288 30314 I Prashant:  com.facebook.appevents.e;->a();->Landroid/os/Bundle;->putString
06-22 02:08:01.785 30288 30310 I Prashant:  com.facebook.internal.c;->a();->Landroid/database/Cursor;->getString
06-22 02:08:01.786 30288 30314 I Prashant:  com.facebook.internal.Utility;->a();->Ljava/util/Locale;->getCountry
06-22 02:08:01.788 30288 30310 I Prashant:  com.facebook.internal.Utility;->a();->Ljava/util/Locale;->getCountry
06-22 02:08:01.788 30288 30314 I Prashant:  com.facebook.appevents.m;->a();->Landroid/os/Bundle;->putByte
06-22 02:08:01.789 30288 30314 I Prashant:  com.facebook.appevents.m;->a();->Landroid/os/Bundle;->putByteArray
06-22 02:08:01.789 30288 30314 I Prashant:  com.facebook.GraphRequest;->m();->Landroid/os/Bundle;->putString
06-22 02:08:01.789 30288 30314 I Prashant:  com.facebook.GraphRequest;->m();->Landroid/os/Bundle;->putString
06-22 02:08:01.790 30288 30314 I Prashant:  com.facebook.GraphRequest;->b();->Landroid/os/Bundle;->get
06-22 02:08:01.790 30288 30314 I Prashant:  com.facebook.GraphRequest;->b();->Landroid/os/Bundle;->get
06-22 02:08:01.790 30288 30314 I Prashant:  com.facebook.GraphRequest;->b();->Landroid/os/Bundle;->get
06-22 02:08:01.790 30288 30314 I Prashant:  com.facebook.GraphRequest;->a();->Ljava/net/URL;-><init>
06-22 02:08:01.790 30288 30314 I Prashant:  com.facebook.GraphRequest;->a();->Ljava/net/URL;->openConnection
06-22 02:08:01.791 30288 30314 I Prashant:  com.facebook.GraphRequest;->f();->Landroid/os/Bundle;->get
06-22 02:08:01.930 30288 30314 I Prashant:  com.facebook.GraphRequest;->a();->Landroid/os/Bundle;->get
06-22 02:08:01.931 30288 30314 I Prashant:  com.facebook.GraphRequest$b;->a();->Ljava/io/OutputStream;->write
06-22 02:08:01.932 30288 30314 I Prashant:  com.facebook.GraphRequest$b;->a();->Ljava/io/OutputStream;->write
06-22 02:08:01.932 30288 30314 I Prashant:  com.facebook.GraphRequest$b;->a();->Ljava/io/OutputStream;->write
06-22 02:08:01.933 30288 30314 I Prashant:  com.facebook.GraphRequest$b;->a();->Ljava/io/OutputStream;->write
06-22 02:08:01.933 30288 30314 I Prashant:  com.facebook.GraphRequest$b;->a();->Ljava/io/OutputStream;->write
06-22 02:08:01.933 30288 30314 I Prashant:  com.facebook.GraphRequest$b;->a();->Ljava/io/OutputStream;->write
06-22 02:08:01.934 30288 30314 I Prashant:  com.facebook.GraphRequest$b;->a();->Ljava/io/OutputStream;->write
06-22 02:08:01.934 30288 30314 I Prashant:  com.facebook.GraphRequest$b;->a();->Ljava/io/OutputStream;->write
06-22 02:08:01.934 30288 30314 I Prashant:  com.facebook.GraphRequest$b;->a();->Ljava/io/OutputStream;->write
06-22 02:08:01.934 30288 30314 I Prashant:  com.facebook.GraphRequest;->a();->Landroid/os/Bundle;->get
06-22 02:08:01.935 30288 30314 I Prashant:  com.facebook.GraphRequest$b;->a();->Ljava/io/OutputStream;->write
06-22 02:08:01.935 30288 30314 I Prashant:  com.facebook.GraphRequest$b;->a();->Ljava/io/OutputStream;->write
06-22 02:08:01.935 30288 30314 I Prashant:  com.facebook.GraphRequest$b;->a();->Ljava/io/OutputStream;->write
06-22 02:08:01.935 30288 30314 I Prashant:  com.facebook.GraphRequest$b;->a();->Ljava/io/OutputStream;->write
06-22 02:08:01.935 30288 30314 I Prashant:  com.facebook.GraphRequest$b;->a();->Ljava/io/OutputStream;->write
06-22 02:08:01.936 30288 30314 I Prashant:  com.facebook.GraphRequest$b;->a();->Ljava/io/OutputStream;->write
06-22 02:08:01.936 30288 30314 I Prashant:  com.facebook.GraphRequest$b;->a();->Ljava/io/OutputStream;->write
06-22 02:08:01.936 30288 30314 I Prashant:  com.facebook.GraphRequest$b;->a();->Ljava/io/OutputStream;->write
06-22 02:08:01.936 30288 30314 I Prashant:  com.facebook.GraphRequest$b;->a();->Ljava/io/OutputStream;->write
06-22 02:08:01.936 30288 30314 I Prashant:  com.facebook.GraphRequest;->a();->Landroid/os/Bundle;->get
06-22 02:08:01.937 30288 30314 I Prashant:  com.facebook.GraphRequest$b;->a();->Ljava/io/OutputStream;->write
06-22 02:08:01.937 30288 30314 I Prashant:  com.facebook.GraphRequest$b;->a();->Ljava/io/OutputStream;->write
06-22 02:08:01.937 30288 30314 I Prashant:  com.facebook.GraphRequest$b;->a();->Ljava/io/OutputStream;->write
06-22 02:08:01.938 30288 30314 I Prashant:  com.facebook.GraphRequest$b;->a();->Ljava/io/OutputStream;->write
06-22 02:08:01.938 30288 30314 I Prashant:  com.facebook.GraphRequest$b;->a();->Ljava/io/OutputStream;->write
06-22 02:08:01.938 30288 30314 I Prashant:  com.facebook.GraphRequest$b;->a();->Ljava/io/OutputStream;->write
06-22 02:08:01.938 30288 30314 I Prashant:  com.facebook.GraphRequest$b;->a();->Ljava/io/OutputStream;->write
06-22 02:08:01.939 30288 30314 I Prashant:  com.facebook.GraphRequest$b;->a();->Ljava/io/OutputStream;->write
06-22 02:08:01.939 30288 30314 I Prashant:  com.facebook.GraphRequest$b;->a();->Ljava/io/OutputStream;->write
06-22 02:08:01.939 30288 30314 I Prashant:  com.facebook.GraphRequest$b;->a();->Ljava/io/OutputStream;->write
06-22 02:08:01.939 30288 30314 I Prashant:  com.facebook.GraphRequest$b;->a();->Ljava/io/OutputStream;->write
06-22 02:08:01.940 30288 30314 I Prashant:  com.facebook.GraphRequest$b;->a();->Ljava/io/OutputStream;->write
06-22 02:08:01.940 30288 30314 I Prashant:  com.facebook.GraphRequest$b;->a();->Ljava/io/OutputStream;->write
06-22 02:08:01.940 30288 30314 I Prashant:  com.facebook.GraphRequest$b;->a();->Ljava/io/OutputStream;->write
06-22 02:08:01.941 30288 30314 I Prashant:  com.facebook.GraphRequest$b;->a();->Ljava/io/OutputStream;->write
06-22 02:08:01.941 30288 30314 I Prashant:  com.facebook.GraphRequest$b;->a();->Ljava/io/OutputStream;->write
06-22 02:08:01.941 30288 30314 I Prashant:  com.facebook.GraphRequest$b;->a();->Ljava/io/OutputStream;->write
06-22 02:08:01.941 30288 30314 I Prashant:  com.facebook.GraphRequest$b;->a();->Ljava/io/OutputStream;->write
06-22 02:08:01.941 30288 30314 I Prashant:  com.facebook.GraphRequest$b;->a();->Ljava/io/OutputStream;->write
06-22 02:08:01.942 30288 30314 I Prashant:  com.facebook.GraphRequest$b;->a();->Ljava/io/OutputStream;->write
06-22 02:08:01.942 30288 30314 I Prashant:  com.facebook.GraphRequest$b;->a();->Ljava/io/OutputStream;->write
06-22 02:08:01.942 30288 30314 I Prashant:  com.facebook.GraphRequest$b;->a();->Ljava/io/OutputStream;->write
06-22 02:08:01.942 30288 30314 I Prashant:  com.facebook.GraphRequest$b;->a();->Ljava/io/OutputStream;->write
06-22 02:08:01.943 30288 30314 I Prashant:  com.facebook.GraphRequest$b;->a();->Ljava/io/OutputStream;->write
06-22 02:08:01.943 30288 30314 I Prashant:  com.facebook.GraphRequest$b;->a();->Ljava/io/OutputStream;->write
06-22 02:08:01.943 30288 30314 I Prashant:  com.facebook.GraphRequest$b;->a();->Ljava/io/OutputStream;->write
06-22 02:08:01.943 30288 30314 I Prashant:  com.facebook.GraphRequest$b;->a();->Ljava/io/OutputStream;->write
06-22 02:08:01.944 30288 30314 I Prashant:  com.facebook.GraphRequest$b;->a();->Ljava/io/OutputStream;->write
06-22 02:08:01.944 30288 30314 I Prashant:  com.facebook.GraphRequest$b;->a();->Ljava/io/OutputStream;->write
06-22 02:08:01.944 30288 30314 I Prashant:  com.facebook.GraphRequest$b;->a();->Ljava/io/OutputStream;->write
06-22 02:08:01.950 30288 30314 I Prashant:  com.facebook.GraphRequest$b;->a();->Ljava/io/OutputStream;->write
06-22 02:08:01.951 30288 30314 I Prashant:  com.facebook.GraphRequest$b;->a();->Ljava/io/OutputStream;->write
06-22 02:08:01.951 30288 30314 I Prashant:  com.facebook.GraphRequest$b;->a();->Ljava/io/OutputStream;->write
06-22 02:08:01.951 30288 30314 I Prashant:  com.facebook.GraphRequest$b;->a();->Ljava/io/OutputStream;->write
06-22 02:08:01.952 30288 30314 I Prashant:  com.facebook.GraphRequest$b;->a();->Ljava/io/OutputStream;->write
06-22 02:08:01.952 30288 30314 I Prashant:  com.facebook.GraphRequest$b;->a();->Ljava/io/OutputStream;->write
06-22 02:08:01.952 30288 30314 I Prashant:  com.facebook.GraphRequest$b;->a();->Ljava/io/OutputStream;->write
06-22 02:08:01.952 30288 30314 I Prashant:  com.facebook.GraphRequest$b;->a();->Ljava/io/OutputStream;->write
06-22 02:08:01.953 30288 30314 I Prashant:  com.facebook.GraphRequest$b;->a();->Ljava/io/OutputStream;->write
06-22 02:08:01.953 30288 30314 I Prashant:  com.facebook.GraphRequest$b;->a();->Ljava/io/OutputStream;->write
06-22 02:08:01.953 30288 30314 I Prashant:  com.facebook.GraphRequest$b;->a();->Ljava/io/OutputStream;->write
06-22 02:08:01.953 30288 30314 I Prashant:  com.facebook.GraphRequest$b;->a();->Ljava/io/OutputStream;->write
06-22 02:08:01.954 30288 30314 I Prashant:  com.facebook.GraphRequest$b;->a();->Ljava/io/OutputStream;->write
06-22 02:08:01.954 30288 30314 I Prashant:  com.facebook.GraphRequest$b;->a();->Ljava/io/OutputStream;->write
06-22 02:08:01.954 30288 30314 I Prashant:  com.facebook.GraphRequest$b;->a();->Ljava/io/OutputStream;->write
06-22 02:08:01.954 30288 30314 I Prashant:  com.facebook.GraphRequest$b;->a();->Ljava/io/OutputStream;->write
06-22 02:08:01.955 30288 30314 I Prashant:  com.facebook.GraphRequest$b;->a();->Ljava/io/OutputStream;->write
06-22 02:08:01.955 30288 30314 I Prashant:  com.facebook.GraphRequest$b;->a();->Ljava/io/OutputStream;->write
06-22 02:08:01.955 30288 30314 I Prashant:  com.facebook.GraphRequest$b;->a();->Ljava/io/OutputStream;->write
06-22 02:08:01.955 30288 30314 I Prashant:  com.facebook.GraphRequest$b;->a();->Ljava/io/OutputStream;->write
06-22 02:08:01.956 30288 30314 I Prashant:  com.facebook.GraphRequest$b;->a();->Ljava/io/OutputStream;->write
06-22 02:08:01.956 30288 30314 I Prashant:  com.facebook.GraphRequest$b;->a();->Ljava/io/OutputStream;->write
06-22 02:08:01.956 30288 30314 I Prashant:  com.facebook.GraphRequest$b;->a();->Ljava/io/OutputStream;->write
06-22 02:08:01.956 30288 30314 I Prashant:  com.facebook.GraphRequest$b;->a();->Ljava/io/OutputStream;->write
06-22 02:08:01.957 30288 30314 I Prashant:  com.facebook.GraphRequest$b;->a();->Ljava/io/OutputStream;->write
06-22 02:08:01.957 30288 30314 I Prashant:  com.facebook.GraphRequest$b;->a();->Ljava/io/OutputStream;->write
06-22 02:08:01.957 30288 30314 I Prashant:  com.facebook.GraphRequest$b;->a();->Ljava/io/OutputStream;->write
06-22 02:08:01.957 30288 30314 I Prashant:  com.facebook.GraphRequest$b;->a();->Ljava/io/OutputStream;->write
06-22 02:08:01.957 30288 30314 I Prashant:  com.facebook.GraphRequest$b;->a();->Ljava/io/OutputStream;->write
06-22 02:08:01.958 30288 30314 I Prashant:  com.facebook.GraphRequest$b;->a();->Ljava/io/OutputStream;->write
06-22 02:08:01.958 30288 30314 I Prashant:  com.facebook.GraphRequest$b;->a();->Ljava/io/OutputStream;->write
06-22 02:08:01.958 30288 30314 I Prashant:  com.facebook.GraphRequest$b;->a();->Ljava/io/OutputStream;->write
06-22 02:08:01.960 30288 30314 I Prashant:  com.facebook.GraphRequest$b;->a();->Ljava/io/OutputStream;->write
06-22 02:08:01.960 30288 30314 I Prashant:  com.facebook.GraphRequest$b;->a();->Ljava/io/OutputStream;->write
06-22 02:08:01.961 30288 30314 I Prashant:  com.facebook.GraphRequest$b;->a();->Ljava/io/OutputStream;->write
06-22 02:08:01.961 30288 30314 I Prashant:  com.facebook.GraphRequest$b;->a();->Ljava/io/OutputStream;->write
06-22 02:08:01.964 30288 30314 I Prashant:  com.facebook.GraphRequest$b;->a();->Ljava/io/OutputStream;->write
06-22 02:08:01.965 30288 30314 I Prashant:  com.facebook.GraphRequest$b;->a();->Ljava/io/OutputStream;->write
06-22 02:08:01.965 30288 30314 I Prashant:  com.facebook.GraphRequest$b;->a();->Ljava/io/OutputStream;->write
06-22 02:08:01.965 30288 30314 I Prashant:  com.facebook.GraphRequest$b;->a();->Ljava/io/OutputStream;->write
06-22 02:08:01.965 30288 30314 I Prashant:  com.facebook.GraphRequest$b;->a();->Ljava/io/OutputStream;->write
06-22 02:08:01.966 30288 30314 I Prashant:  com.facebook.GraphRequest$b;->a();->Ljava/io/OutputStream;->write
06-22 02:08:01.966 30288 30307 I Prashant:  com.facebook.internal.i;->c();->Landroid/os/Bundle;->putString
06-22 02:08:01.966 30288 30314 I Prashant:  com.facebook.GraphRequest$b;->a();->Ljava/io/OutputStream;->write
06-22 02:08:01.966 30288 30314 I Prashant:  com.facebook.GraphRequest$b;->a();->Ljava/io/OutputStream;->write
06-22 02:08:01.966 30288 30314 I Prashant:  com.facebook.GraphRequest$b;->a();->Ljava/io/OutputStream;->write
06-22 02:08:01.967 30288 30314 I Prashant:  com.facebook.GraphRequest$b;->a();->Ljava/io/OutputStream;->write
06-22 02:08:01.967 30288 30309 I Prashant:  com.facebook.internal.c;->a();->Landroid/util/Log;->e
06-22 02:08:01.967 30288 30314 I Prashant:  com.facebook.GraphRequest$b;->a();->Ljava/io/OutputStream;->write
06-22 02:08:01.967 30288 30314 I Prashant:  com.facebook.GraphRequest$b;->a();->Ljava/io/OutputStream;->write
06-22 02:08:01.967 30288 30314 I Prashant:  com.facebook.GraphRequest$b;->a();->Ljava/io/OutputStream;->write
06-22 02:08:01.968 30288 30314 I Prashant:  com.facebook.GraphRequest$b;->a();->Ljava/io/OutputStream;->write
06-22 02:08:01.968 30288 30314 I Prashant:  com.facebook.GraphRequest$b;->a();->Ljava/io/OutputStream;->write
06-22 02:08:01.968 30288 30314 I Prashant:  com.facebook.GraphRequest$b;->a();->Ljava/io/OutputStream;->write
06-22 02:08:01.968 30288 30314 I Prashant:  com.facebook.GraphRequest$b;->a();->Ljava/io/OutputStream;->write
06-22 02:08:01.969 30288 30314 I Prashant:  com.facebook.GraphRequest$b;->a();->Ljava/io/OutputStream;->write
06-22 02:08:01.969 30288 30314 I Prashant:  com.facebook.GraphRequest$b;->a();->Ljava/io/OutputStream;->write
06-22 02:08:01.969 30288 30309 I Prashant:  com.facebook.internal.Utility;->a();->Ljava/util/Locale;->getCountry
06-22 02:08:01.994 30288 30342 I Prashant:  com.newsdog.app.NewsDogApp;->p();->Landroid/util/Log;->e
06-22 02:08:02.003 30288 30342 I Prashant:  com.newsdog.utils.g;->q();->Landroid/net/wifi/WifiInfo;->getMacAddress
06-22 02:08:02.012 30288 30342 I Prashant:  com.newsdog.utils.p;->c();->Landroid/util/Log;->e
06-22 02:08:02.012 30288 30342 I Prashant:  com.newsdog.utils.h;->a();->Landroid/util/Log;->e
06-22 02:08:02.012 30288 30372 I Prashant:  com.simple.database.c.a;->a();->Landroid/database/sqlite/SQLiteDatabase;->query
06-22 02:08:02.431 30288 30314 I Prashant:  com.facebook.appevents.e;->b();->Landroid/content/Intent;-><init>
06-22 02:08:02.431 30288 30314 I Prashant:  com.facebook.appevents.e;->b();->Landroid/content/Intent;->putExtra
06-22 02:08:02.656 30288 30288 I Prashant:  com.newsdog.utils.p;->c();->Landroid/util/Log;->e
06-22 02:08:02.672 30288 30436 I Prashant:  com.xiaomi.mipush.sdk.am;->j();->Landroid/content/Intent;->setComponent
06-22 02:08:02.672 30288 30436 I Prashant:  com.xiaomi.mipush.sdk.am;->j();->Landroid/content/Intent;->putExtra
06-22 02:08:02.673 30288 30288 I Prashant:  com.google.android.gms.common.b;-><init>();->Landroid/util/Log;->w
06-22 02:08:02.673 30288 30288 I Prashant:  com.google.android.gms.common.b;-><init>();->Landroid/util/Log;->wtf
06-22 02:08:02.673 30288 30288 I Prashant:  com.google.android.gms.common.b;-><init>();->Landroid/util/Log;->w
06-22 02:08:02.673 30288 30436 I Prashant:  com.xiaomi.mipush.sdk.am;->a();->Landroid/content/Context;->startService
06-22 02:08:02.673 30288 30288 I Prashant:  com.google.android.gms.common.b;-><init>();->Landroid/util/Log;->wtf
06-22 02:08:02.673 30288 30436 I Prashant:  com.xiaomi.a.a.c.b;->a();->Landroid/util/Log;->v
06-22 02:08:02.674 30288 30288 I Prashant:  com.newsdog.utils.p;->c();->Landroid/util/Log;->e
06-22 02:08:02.675 30288 30437 I Prashant:  com.newsdog.n.f.c;->d();->Landroid/util/Log;->e
06-22 02:08:02.675 30288 30437 I Prashant:  com.newsdog.n.f.c;->b();->Landroid/util/Log;->e
06-22 02:08:02.675 30288 30437 I Prashant:  com.newsdog.utils.p;->c();->Landroid/util/Log;->e
06-22 02:08:02.680 30288 30437 I Prashant:  com.appsflyer.c;->a();->Landroid/util/Log;->i
06-22 02:08:02.681 30288 30438 I Prashant:  com.simple.database.c.a;->a();->Landroid/database/sqlite/SQLiteDatabase;->query
06-22 02:08:02.683 30288 30439 I Prashant:  com.simple.database.c.a;->a();->Landroid/database/sqlite/SQLiteDatabase;->query
06-22 02:08:02.685 30288 30437 I Prashant:  com.appsflyer.AppsFlyerLib;->a();->Landroid/os/Bundle;->get
06-22 02:08:02.702 30288 30311 I Prashant:  com.appsflyer.c;->a();->Landroid/util/Log;->i
06-22 02:08:02.703 30288 30311 I Prashant:  com.appsflyer.c;->b();->Landroid/util/Log;->d
06-22 02:08:02.703 30288 30311 I Prashant:  com.appsflyer.v;->a();->Ljava/net/URL;->openConnection
06-22 02:08:02.704 30288 30288 I Prashant:  com.appsflyer.c;->a();->Landroid/util/Log;->i
06-22 02:08:02.705 30288 30311 I Prashant:  com.appsflyer.v;->a();->Ljava/net/URL;-><init>
06-22 02:08:02.706 30288 30311 I Prashant:  com.appsflyer.c;->a();->Landroid/util/Log;->i
06-22 02:08:02.877 30288 30288 I Prashant:  com.google.firebase.iid.FirebaseInstanceIdReceiver;->onReceive();->Landroid/content/Intent;->getAction
06-22 02:08:02.879 30288 30288 I Prashant:  com.google.firebase.iid.p;->b();->Landroid/util/Log;->d
06-22 02:08:02.879 30288 30288 I Prashant:  com.google.firebase.iid.p;->b();->Landroid/content/Intent;->setClassName
06-22 02:08:02.889 30288 30288 I Prashant:  com.google.firebase.iid.p;->a();->Landroid/content/Intent;-><init>
06-22 02:08:02.891 30288 30440 I Prashant:  com.google.firebase.messaging.FirebaseMessagingService;->b();->Landroid/os/Bundle;->get
06-22 02:08:02.891 30288 30440 I Prashant:  com.google.firebase.messaging.FirebaseMessagingService;->b();->Landroid/os/Bundle;->getString
06-22 02:08:02.892 30288 30440 I Prashant:  com.google.firebase.messaging.b;->a();->Landroid/os/Bundle;->get
06-22 02:08:02.892 30288 30440 I Prashant:  com.google.firebase.messaging.b;->a();->Landroid/os/Bundle;->getString
06-22 02:08:02.892 30288 30440 I Prashant:  com.google.firebase.messaging.b;->a();->Landroid/os/Bundle;->get
06-22 02:08:02.892 30288 30440 I Prashant:  com.google.firebase.messaging.b;->a();->Landroid/os/Bundle;->getString
06-22 02:08:02.892 30288 30440 I Prashant:  com.google.firebase.messaging.RemoteMessage;->a();->Landroid/os/Bundle;->get
06-22 02:08:02.893 30288 30440 I Prashant:  com.google.firebase.messaging.FirebaseMessagingService;->b();->Landroid/content/Intent;->getExtras
06-22 02:08:02.926 30288 30311 I Prashant:  com.appsflyer.c;->a();->Landroid/util/Log;->i
06-22 02:08:02.927 30288 30311 I Prashant:  com.appsflyer.c;->b();->Landroid/util/Log;->d
06-22 02:08:02.927 30288 30311 I Prashant:  com.appsflyer.v;->a();->Ljava/net/URL;->openConnection
06-22 02:08:02.928 30288 30288 I Prashant:  com.appsflyer.c;->a();->Landroid/util/Log;->i
06-22 02:08:03.063 30288 30288 I Prashant:  com.google.firebase.iid.FirebaseInstanceIdReceiver;->onReceive();->Landroid/content/Intent;->getAction
06-22 02:08:03.064 30288 30288 I Prashant:  com.google.firebase.iid.p;->b();->Landroid/util/Log;->d
06-22 02:08:03.064 30288 30288 I Prashant:  com.google.firebase.iid.p;->b();->Landroid/content/Intent;->setClassName
06-22 02:08:03.069 30288 30288 I Prashant:  com.google.firebase.iid.p;->a();->Landroid/content/Intent;-><init>
06-22 02:08:03.072 30288 30441 I Prashant:  com.google.firebase.messaging.FirebaseMessagingService;->b();->Landroid/os/Bundle;->get
06-22 02:08:03.072 30288 30441 I Prashant:  com.google.firebase.messaging.FirebaseMessagingService;->b();->Landroid/os/Bundle;->getString
06-22 02:08:03.072 30288 30441 I Prashant:  com.google.firebase.messaging.b;->a();->Landroid/os/Bundle;->get
06-22 02:08:03.072 30288 30441 I Prashant:  com.google.firebase.messaging.b;->a();->Landroid/os/Bundle;->getString
06-22 02:08:03.072 30288 30441 I Prashant:  com.google.firebase.messaging.b;->a();->Landroid/os/Bundle;->get
06-22 02:08:03.072 30288 30441 I Prashant:  com.google.firebase.messaging.b;->a();->Landroid/os/Bundle;->getString
06-22 02:08:03.072 30288 30441 I Prashant:  com.google.firebase.messaging.RemoteMessage;->a();->Landroid/os/Bundle;->get
06-22 02:08:03.072 30288 30441 I Prashant:  com.google.firebase.messaging.FirebaseMessagingService;->b();->Landroid/content/Intent;->getExtras
06-22 02:08:06.595 30288 30288 I Prashant:  com.newsdog.n.f.c;->d();->Landroid/util/Log;->e
06-22 02:08:06.596 30288 30288 I Prashant:  com.newsdog.n.f.c;->b();->Landroid/util/Log;->e
06-22 02:08:06.597 30288 30288 I Prashant:  com.newsdog.quickread.sync.b;->a();->Landroid/accounts/AccountManager;->getAccountsByType
06-22 02:08:06.598 30288 30288 I Prashant:  com.newsdog.quickread.sync.b;->a();->Landroid/accounts/AccountManager;->getAccounts
06-22 02:08:12.737 30288 30438 I Prashant:  com.simple.database.c.a;->a();->Landroid/database/sqlite/SQLiteDatabase;->query
06-22 02:08:12.740 30288 30439 I Prashant:  com.simple.database.c.a;->a();->Landroid/database/sqlite/SQLiteDatabase;->query
06-22 02:08:16.895 30288 30314 I Prashant:  com.facebook.appevents.e;->a();->Landroid/os/Bundle;->putString
06-22 02:08:16.900 30288 30314 I Prashant:  com.facebook.appevents.e;->b();->Landroid/content/Intent;-><init>
06-22 02:08:16.901 30288 30314 I Prashant:  com.facebook.appevents.e;->b();->Landroid/content/Intent;->putExtra
06-22 02:08:21.744 30288 30288 I Prashant:  com.appsflyer.c;->a();->Landroid/util/Log;->i
06-22 02:08:21.938 30288 30512 I Prashant:  com.appsflyer.c;->a();->Landroid/util/Log;->i
06-22 02:08:21.947 30288 30512 I Prashant:  com.appsflyer.c;->a();->Landroid/util/Log;->i
06-22 02:08:21.994 30288 30512 I Prashant:  com.google.android.gms.common.b;-><init>();->Landroid/util/Log;->w
06-22 02:08:21.995 30288 30512 I Prashant:  com.google.android.gms.common.b;-><init>();->Landroid/util/Log;->wtf
06-22 02:08:21.995 30288 30512 I Prashant:  com.google.android.gms.common.b;-><init>();->Landroid/util/Log;->w
06-22 02:08:21.995 30288 30512 I Prashant:  com.google.android.gms.common.b;-><init>();->Landroid/util/Log;->wtf
06-22 02:08:21.998 30288 30512 I Prashant:  com.google.android.gms.common.stats.zza;->a();->Landroid/content/Intent;->getComponent
06-22 02:08:22.010 30288 30512 I Prashant:  com.google.android.gms.common.stats.zza;->a();->Landroid/content/Context;->bindService
06-22 02:08:22.010 30288 30512 I Prashant:  com.google.android.gms.ads.identifier.AdvertisingIdClient;->zzd();->Landroid/content/Intent;-><init>
06-22 02:08:22.040 30288 30512 I Prashant:  com.appsflyer.c;->a();->Landroid/util/Log;->i
06-22 02:08:22.040 30288 30512 I Prashant:  com.appsflyer.AppsFlyerLib;->a();->Landroid/content/Intent;-><init>
06-22 02:08:22.040 30288 30512 I Prashant:  com.appsflyer.AppsFlyerLib;->a();->Landroid/content/Intent;->putExtra
06-22 02:08:22.040 30288 30512 I Prashant:  com.appsflyer.AppsFlyerLib;->a();->Landroid/content/Context;->sendBroadcast
06-22 02:08:22.052 30288 30512 I Prashant:  com.appsflyer.AppsFlyerLib;->a();->Landroid/os/Bundle;->get
06-22 02:08:22.053 30288 30512 I Prashant:  com.appsflyer.AppsFlyerLib;->a();->Landroid/os/Bundle;->get
06-22 02:08:22.160 30288 30512 I Prashant:  com.appsflyer.AppsFlyerLib;->getAttributionId();->Landroid/database/Cursor;->getString
06-22 02:08:22.166 30288 30512 I Prashant:  com.google.android.gms.common.b;-><init>();->Landroid/util/Log;->w
06-22 02:08:22.167 30288 30512 I Prashant:  com.google.android.gms.common.b;-><init>();->Landroid/util/Log;->wtf
06-22 02:08:22.168 30288 30512 I Prashant:  com.google.android.gms.common.b;-><init>();->Landroid/util/Log;->w
06-22 02:08:22.168 30288 30512 I Prashant:  com.google.android.gms.common.b;-><init>();->Landroid/util/Log;->wtf
06-22 02:08:22.174 30288 30512 I Prashant:  com.google.android.gms.common.b;-><init>();->Landroid/util/Log;->w
06-22 02:08:22.175 30288 30512 I Prashant:  com.google.android.gms.common.b;-><init>();->Landroid/util/Log;->wtf
06-22 02:08:22.176 30288 30512 I Prashant:  com.google.android.gms.common.b;-><init>();->Landroid/util/Log;->w
06-22 02:08:22.176 30288 30512 I Prashant:  com.google.android.gms.common.b;-><init>();->Landroid/util/Log;->wtf
06-22 02:08:22.196 30288 30512 I Prashant:  com.appsflyer.AppsFlyerLib;->a();->Ljava/util/Locale;->getCountry
06-22 02:08:22.269 30288 30512 I Prashant:  com.appsflyer.c;->a();->Landroid/util/Log;->i
06-22 02:08:22.286 30288 30512 I Prashant:  com.appsflyer.j;->b();->Landroid/content/pm/PackageManager;->queryIntentServices
06-22 02:08:22.288 30288 30512 I Prashant:  com.appsflyer.j;->b();->Landroid/content/pm/PackageManager;->queryIntentServices
06-22 02:08:22.290 30288 30512 I Prashant:  com.appsflyer.c;->c();->Landroid/util/Log;->w
06-22 02:08:22.291 30288 30512 I Prashant:  com.appsflyer.c;->b();->Landroid/util/Log;->d
06-22 02:08:22.303 30288 30512 I Prashant:  com.appsflyer.j;->a();->Landroid/content/Intent;->getIntExtra
06-22 02:08:22.303 30288 30512 I Prashant:  com.appsflyer.j;->a();->Landroid/content/Context;->registerReceiver
06-22 02:08:22.304 30288 30512 I Prashant:  com.appsflyer.j;->a();->Landroid/content/Intent;->getIntExtra
06-22 02:08:22.384 30288 30512 I Prashant:  com.appsflyer.c;->a();->Landroid/util/Log;->i
06-22 02:08:22.387 30288 30512 I Prashant:  com.appsflyer.c;->a();->Landroid/util/Log;->i
06-22 02:08:22.388 30288 30512 I Prashant:  com.appsflyer.c;->a();->Landroid/util/Log;->i
06-22 02:08:22.388 30288 30512 I Prashant:  com.appsflyer.AppsFlyerLib;->a();->Landroid/content/Intent;-><init>
06-22 02:08:22.389 30288 30512 I Prashant:  com.appsflyer.AppsFlyerLib;->a();->Landroid/content/Intent;->putExtra
06-22 02:08:22.389 30288 30512 I Prashant:  com.appsflyer.AppsFlyerLib;->a();->Landroid/content/Context;->sendBroadcast
06-22 02:08:23.518 30288 30512 I Prashant:  com.appsflyer.c;->a();->Landroid/util/Log;->i
06-22 02:08:23.518 30288 30512 I Prashant:  com.appsflyer.AppsFlyerLib;->a();->Landroid/content/Intent;-><init>
06-22 02:08:23.519 30288 30512 I Prashant:  com.appsflyer.AppsFlyerLib;->a();->Landroid/content/Intent;->putExtra
06-22 02:08:23.519 30288 30512 I Prashant:  com.appsflyer.AppsFlyerLib;->a();->Landroid/content/Context;->sendBroadcast
06-22 02:08:23.519 30288 30512 I Prashant:  com.appsflyer.c;->b();->Landroid/util/Log;->d
06-22 02:08:23.519 30288 30512 I Prashant:  com.appsflyer.AppsFlyerLib;->a();->Ljava/net/URL;->openConnection
06-22 02:08:23.520 30288 30512 I Prashant:  com.appsflyer.AppsFlyerLib;->a();->Ljava/net/URL;-><init>
06-22 02:09:03.411 30288 30438 I Prashant:  com.simple.database.c.a;->a();->Landroid/database/sqlite/SQLiteDatabase;->query
06-22 02:09:23.085 30288 30288 I Prashant:  com.newsdog.utils.h;->a();->Landroid/util/Log;->e
06-22 02:09:23.137 30288 30288 I Prashant:  com.newsdog.utils.g;->g();->Landroid/telephony/TelephonyManager;->getDeviceId
06-22 02:09:23.259 30288 30288 I Prashant:  com.newsdog.utils.g;->h();->Landroid/telephony/TelephonyManager;->getSubscriberId
06-22 02:09:23.286 30288 30319 I Prashant:  com.android.volley.toolbox.HurlStack;->a();->Ljava/net/URL;->openConnection
06-22 02:09:23.287 30288 30319 I Prashant:  com.android.volley.toolbox.HurlStack;->performRequest();->Ljava/net/URL;-><init>
06-22 02:09:23.705 30288 30319 I Prashant:  com.android.volley.toolbox.BasicNetwork;->performRequest();->Lorg/apache/http/HttpResponse;->getEntity
06-22 02:09:23.728 30288 30288 I Prashant:  com.newsdog.push.a;->a();->Landroid/os/Bundle;->putString
06-22 02:09:23.729 30288 30288 I Prashant:  com.newsdog.push.a;->a();->Landroid/os/Bundle;->putString
06-22 02:09:23.730 30288 30288 I Prashant:  com.newsdog.push.a;->a();->Landroid/os/Bundle;->putString
06-22 02:09:23.730 30288 30288 I Prashant:  com.newsdog.push.a;->a();->Landroid/os/Bundle;->putString
06-22 02:09:23.731 30288 30288 I Prashant:  com.newsdog.push.a;->a();->Landroid/os/Bundle;->putString
06-22 02:09:23.732 30288 30288 I Prashant:  com.newsdog.push.a;->a();->Landroid/os/Bundle;->putString
06-22 02:09:23.733 30288 30288 I Prashant:  com.newsdog.push.a;->a();->Landroid/os/Bundle;->putString
06-22 02:09:23.733 30288 30288 I Prashant:  com.newsdog.push.a;->a();->Landroid/os/Bundle;->putString
06-22 02:09:23.735 30288 30288 I Prashant:  com.newsdog.n.e.b.h;->a();->Landroid/os/Bundle;->get
06-22 02:09:23.736 30288 30288 I Prashant:  com.newsdog.n.e.b.h;->a();->Landroid/os/Bundle;->getBoolean
06-22 02:09:23.737 30288 30288 I Prashant:  com.newsdog.n.e.b.h;->a();->Landroid/os/Bundle;->getString
06-22 02:09:23.746 30288 30288 I Prashant:  com.newsdog.push.a;->a();->Landroid/os/Bundle;->putString
06-22 02:09:23.746 30288 30288 I Prashant:  com.newsdog.push.a;->a();->Landroid/os/Bundle;->putString
06-22 02:09:23.747 30288 30288 I Prashant:  com.newsdog.push.a;->a();->Landroid/os/Bundle;->putString
06-22 02:09:23.748 30288 30288 I Prashant:  com.newsdog.push.a;->a();->Landroid/os/Bundle;->putString
06-22 02:09:23.749 30288 30288 I Prashant:  com.newsdog.push.a;->a();->Landroid/os/Bundle;->putString
06-22 02:09:23.750 30288 30288 I Prashant:  com.newsdog.push.a;->a();->Landroid/os/Bundle;->putString
06-22 02:09:23.750 30288 30288 I Prashant:  com.newsdog.push.a;->a();->Landroid/os/Bundle;->putString
06-22 02:09:23.751 30288 30288 I Prashant:  com.newsdog.push.a;->a();->Landroid/os/Bundle;->putString
06-22 02:09:23.752 30288 30288 I Prashant:  com.newsdog.n.e.b.h;->a();->Landroid/os/Bundle;->get
06-22 02:09:23.753 30288 30288 I Prashant:  com.newsdog.n.e.b.h;->a();->Landroid/os/Bundle;->getBoolean
06-22 02:09:23.753 30288 30288 I Prashant:  com.newsdog.n.e.b.h;->a();->Landroid/os/Bundle;->getString
06-22 02:09:23.755 30288 30288 I Prashant:  com.newsdog.push.a;->a();->Landroid/os/Bundle;->putString
06-22 02:09:23.755 30288 30288 I Prashant:  com.newsdog.push.a;->a();->Landroid/os/Bundle;->putString
06-22 02:09:23.756 30288 30288 I Prashant:  com.newsdog.push.a;->a();->Landroid/os/Bundle;->putString
06-22 02:09:23.757 30288 30288 I Prashant:  com.newsdog.push.a;->a();->Landroid/os/Bundle;->putString
06-22 02:09:23.758 30288 30288 I Prashant:  com.newsdog.push.a;->a();->Landroid/os/Bundle;->putString
06-22 02:09:23.759 30288 30288 I Prashant:  com.newsdog.push.a;->a();->Landroid/os/Bundle;->putString
06-22 02:09:23.759 30288 30288 I Prashant:  com.newsdog.push.a;->a();->Landroid/os/Bundle;->putString
06-22 02:09:23.760 30288 30288 I Prashant:  com.newsdog.push.a;->a();->Landroid/os/Bundle;->putString
06-22 02:09:23.761 30288 30288 I Prashant:  com.newsdog.n.e.b.h;->a();->Landroid/os/Bundle;->get
06-22 02:09:23.761 30288 30288 I Prashant:  com.newsdog.n.e.b.h;->a();->Landroid/os/Bundle;->getBoolean
06-22 02:09:23.762 30288 30288 I Prashant:  com.newsdog.n.e.b.h;->a();->Landroid/os/Bundle;->getString
06-22 02:09:23.782 30288 30770 I Prashant:  com.google.android.gms.internal.zzcfl;->a();->Landroid/util/Log;->i
06-22 02:09:33.833 30288 30372 I Prashant:  com.simple.database.c.a;->a();->Landroid/database/sqlite/SQLiteDatabase;->query
06-22 02:09:33.854 30288 30288 I Prashant:  com.newsdog.push.common.b.c;->b();->Landroid/os/Bundle;->putBoolean
06-22 02:09:33.855 30288 30288 I Prashant:  com.newsdog.push.common.b.c;->b();->Landroid/os/Bundle;->putString
06-22 02:09:33.857 30288 30288 I Prashant:  com.newsdog.push.common.b.a;->a();->Landroid/content/Intent;->putExtra
06-22 02:09:33.888 30288 30288 I Prashant:  com.newsdog.push.common.b.c;->c();->Landroid/content/Intent;->putExtra
06-22 02:09:33.889 30288 30288 I Prashant:  com.newsdog.push.a;->i();->Landroid/os/Bundle;->get
06-22 02:09:33.890 30288 30288 I Prashant:  com.newsdog.push.a;->i();->Landroid/os/Bundle;->getBoolean
06-22 02:09:33.891 30288 30288 I Prashant:  com.newsdog.push.common.b.c;->a();->Landroid/content/Intent;->getIntExtra
06-22 02:09:33.892 30288 30288 I Prashant:  com.newsdog.push.common.b.c;->a();->Landroid/content/Intent;->getStringExtra
06-22 02:09:33.892 30288 30288 I Prashant:  com.newsdog.push.common.b.c;->a();->Landroid/os/Bundle;->get
06-22 02:09:33.893 30288 30288 I Prashant:  com.newsdog.push.common.b.c;->a();->Landroid/os/Bundle;->getBoolean
06-22 02:09:33.894 30288 30288 I Prashant:  com.newsdog.push.common.b.c;->a();->Landroid/os/Bundle;->getString
06-22 02:09:33.895 30288 30288 I Prashant:  com.newsdog.push.common.b.c;->a();->Landroid/content/Intent;->putExtra
06-22 02:09:33.915 30288 30779 I Prashant:  com.nostra13.universalimageloader.core.download.BaseImageDownloader;->b();->Ljava/net/URL;->openConnection
06-22 02:09:33.915 30288 30779 I Prashant:  com.nostra13.universalimageloader.core.download.BaseImageDownloader;->b();->Ljava/net/URL;-><init>
06-22 02:09:33.916 30288 30288 I Prashant:  com.newsdog.t.a.a;->a();->Landroid/os/Bundle;->putString
06-22 02:09:33.916 30288 30288 I Prashant:  com.newsdog.t.a.a;->a();->Landroid/os/Bundle;->putString
06-22 02:09:33.917 30288 30288 I Prashant:  com.newsdog.t.a.a;->a();->Landroid/os/Bundle;->putString
06-22 02:09:33.918 30288 30288 I Prashant:  com.newsdog.t.a.a;->a();->Landroid/os/Bundle;->putString
06-22 02:09:33.926 30288 30288 I Prashant:  com.newsdog.t.a.a;->a();->Landroid/os/Bundle;->putString
06-22 02:09:33.929 30288 30288 I Prashant:  com.newsdog.push.common.b.c;->a();->Landroid/content/Intent;->putExtra
